ARM GAS  C:\Users\Admin\AppData\Local\Temp\ccGVrvTu.s 			page 1


   1              		.cpu cortex-m4
   2              		.arch armv7e-m
   3              		.fpu fpv4-sp-d16
   4              		.eabi_attribute 27, 1
   5              		.eabi_attribute 28, 1
   6              		.eabi_attribute 20, 1
   7              		.eabi_attribute 21, 1
   8              		.eabi_attribute 23, 3
   9              		.eabi_attribute 24, 1
  10              		.eabi_attribute 25, 1
  11              		.eabi_attribute 26, 1
  12              		.eabi_attribute 30, 1
  13              		.eabi_attribute 34, 1
  14              		.eabi_attribute 18, 4
  15              		.file	"main.c"
  16              		.text
  17              	.Ltext0:
  18              		.cfi_sections	.debug_frame
  19              		.file 1 "Core/Src/main.c"
  20              		.section	.text.MX_GPIO_Init,"ax",%progbits
  21              		.align	1
  22              		.syntax unified
  23              		.thumb
  24              		.thumb_func
  26              	MX_GPIO_Init:
  27              	.LFB162:
   1:Core/Src/main.c **** /* USER CODE BEGIN Header */
   2:Core/Src/main.c **** /**
   3:Core/Src/main.c ****   ******************************************************************************
   4:Core/Src/main.c ****   * @file           : main.c
   5:Core/Src/main.c ****   * @brief          : Main program body - LED Blink Test
   6:Core/Src/main.c ****   * @description    : Blinks onboard LED on PC13 (WeAct Black Pill STM32F401CCU6)
   7:Core/Src/main.c ****   *                   LED is ACTIVE LOW: GPIO_PIN_RESET = ON, GPIO_PIN_SET = OFF
   8:Core/Src/main.c ****   *                   Blink period: 1 second (500ms ON, 500ms OFF)
   9:Core/Src/main.c ****   ******************************************************************************
  10:Core/Src/main.c ****   */
  11:Core/Src/main.c **** /* USER CODE END Header */
  12:Core/Src/main.c **** 
  13:Core/Src/main.c **** /* Includes ------------------------------------------------------------------*/
  14:Core/Src/main.c **** #include "main.h"
  15:Core/Src/main.c **** 
  16:Core/Src/main.c **** /* Private variables ---------------------------------------------------------*/
  17:Core/Src/main.c **** 
  18:Core/Src/main.c **** /* Private function prototypes -----------------------------------------------*/
  19:Core/Src/main.c **** void SystemClock_Config(void);
  20:Core/Src/main.c **** static void MX_GPIO_Init(void);
  21:Core/Src/main.c **** 
  22:Core/Src/main.c **** /* Private user code ---------------------------------------------------------*/
  23:Core/Src/main.c **** 
  24:Core/Src/main.c **** /**
  25:Core/Src/main.c ****   * @brief  The application entry point.
  26:Core/Src/main.c ****   * @retval int
  27:Core/Src/main.c ****   */
  28:Core/Src/main.c **** int main(void)
  29:Core/Src/main.c **** {
  30:Core/Src/main.c ****   /* MCU Configuration--------------------------------------------------------*/
  31:Core/Src/main.c **** 
ARM GAS  C:\Users\Admin\AppData\Local\Temp\ccGVrvTu.s 			page 2


  32:Core/Src/main.c ****   /* Reset of all peripherals, Initializes the Flash interface and the Systick. */
  33:Core/Src/main.c ****   HAL_Init();
  34:Core/Src/main.c **** 
  35:Core/Src/main.c ****   /* Configure the system clock to 84 MHz using HSE 25MHz + PLL */
  36:Core/Src/main.c ****   SystemClock_Config();
  37:Core/Src/main.c **** 
  38:Core/Src/main.c ****   /* Initialize all configured peripherals */
  39:Core/Src/main.c ****   MX_GPIO_Init();
  40:Core/Src/main.c **** 
  41:Core/Src/main.c ****   /* Infinite loop */
  42:Core/Src/main.c ****   while (1)
  43:Core/Src/main.c ****   {
  44:Core/Src/main.c ****     /*
  45:Core/Src/main.c ****      * LED is Active LOW on WeAct Black Pill:
  46:Core/Src/main.c ****      * GPIO_PIN_RESET (0) = LED ON  (cathode pulled low, current flows)
  47:Core/Src/main.c ****      * GPIO_PIN_SET   (1) = LED OFF (cathode high, no current)
  48:Core/Src/main.c ****      */
  49:Core/Src/main.c **** 
  50:Core/Src/main.c ****     /* LED ON */
  51:Core/Src/main.c ****     HAL_GPIO_WritePin(LED_ONBOARD_GPIO_Port, LED_ONBOARD_Pin, GPIO_PIN_RESET);
  52:Core/Src/main.c ****     HAL_Delay(500);
  53:Core/Src/main.c **** 
  54:Core/Src/main.c ****     /* LED OFF */
  55:Core/Src/main.c ****     HAL_GPIO_WritePin(LED_ONBOARD_GPIO_Port, LED_ONBOARD_Pin, GPIO_PIN_SET);
  56:Core/Src/main.c ****     HAL_Delay(500);
  57:Core/Src/main.c ****   }
  58:Core/Src/main.c **** }
  59:Core/Src/main.c **** 
  60:Core/Src/main.c **** /**
  61:Core/Src/main.c ****   * @brief System Clock Configuration
  62:Core/Src/main.c ****   * @detail Configures the system clock as follows:
  63:Core/Src/main.c ****   *         - HSE = 25 MHz (external crystal on WeAct Black Pill)
  64:Core/Src/main.c ****   *         - PLL Source = HSE
  65:Core/Src/main.c ****   *         - PLLM = 25 (VCO input = 1 MHz)
  66:Core/Src/main.c ****   *         - PLLN = 336 (VCO output = 336 MHz)
  67:Core/Src/main.c ****   *         - PLLP = 4 (SYSCLK = 84 MHz)
  68:Core/Src/main.c ****   *         - PLLQ = 7 (USB = 48 MHz)
  69:Core/Src/main.c ****   *         - AHB Prescaler = 1 (HCLK = 84 MHz)
  70:Core/Src/main.c ****   *         - APB1 Prescaler = 2 (PCLK1 = 42 MHz)
  71:Core/Src/main.c ****   *         - APB2 Prescaler = 1 (PCLK2 = 84 MHz)
  72:Core/Src/main.c ****   *         - Flash Latency = 2 WS (for 84 MHz @ 3.3V)
  73:Core/Src/main.c ****   * @retval None
  74:Core/Src/main.c ****   */
  75:Core/Src/main.c **** void SystemClock_Config(void)
  76:Core/Src/main.c **** {
  77:Core/Src/main.c ****   RCC_OscInitTypeDef RCC_OscInitStruct = {0};
  78:Core/Src/main.c ****   RCC_ClkInitTypeDef RCC_ClkInitStruct = {0};
  79:Core/Src/main.c **** 
  80:Core/Src/main.c ****   /** Configure the main internal regulator output voltage */
  81:Core/Src/main.c ****   __HAL_RCC_PWR_CLK_ENABLE();
  82:Core/Src/main.c ****   __HAL_PWR_VOLTAGESCALING_CONFIG(PWR_REGULATOR_VOLTAGE_SCALE2);
  83:Core/Src/main.c **** 
  84:Core/Src/main.c ****   /** Initializes the RCC Oscillators according to the specified parameters
  85:Core/Src/main.c ****   * in the RCC_OscInitTypeDef structure.
  86:Core/Src/main.c ****   * HSE = 25MHz external crystal on WeAct Black Pill board
  87:Core/Src/main.c ****   */
  88:Core/Src/main.c ****   RCC_OscInitStruct.OscillatorType = RCC_OSCILLATORTYPE_HSE;
ARM GAS  C:\Users\Admin\AppData\Local\Temp\ccGVrvTu.s 			page 3


  89:Core/Src/main.c ****   RCC_OscInitStruct.HSEState = RCC_HSE_ON;
  90:Core/Src/main.c ****   RCC_OscInitStruct.PLL.PLLState = RCC_PLL_ON;
  91:Core/Src/main.c ****   RCC_OscInitStruct.PLL.PLLSource = RCC_PLLSOURCE_HSE;
  92:Core/Src/main.c ****   RCC_OscInitStruct.PLL.PLLM = 25;
  93:Core/Src/main.c ****   RCC_OscInitStruct.PLL.PLLN = 336;
  94:Core/Src/main.c ****   RCC_OscInitStruct.PLL.PLLP = RCC_PLLP_DIV4;
  95:Core/Src/main.c ****   RCC_OscInitStruct.PLL.PLLQ = 7;
  96:Core/Src/main.c ****   if (HAL_RCC_OscConfig(&RCC_OscInitStruct) != HAL_OK)
  97:Core/Src/main.c ****   {
  98:Core/Src/main.c ****     Error_Handler();
  99:Core/Src/main.c ****   }
 100:Core/Src/main.c **** 
 101:Core/Src/main.c ****   /** Initializes the CPU, AHB and APB buses clocks */
 102:Core/Src/main.c ****   RCC_ClkInitStruct.ClockType = RCC_CLOCKTYPE_HCLK | RCC_CLOCKTYPE_SYSCLK
 103:Core/Src/main.c ****                               | RCC_CLOCKTYPE_PCLK1 | RCC_CLOCKTYPE_PCLK2;
 104:Core/Src/main.c ****   RCC_ClkInitStruct.SYSCLKSource = RCC_SYSCLKSOURCE_PLLCLK;
 105:Core/Src/main.c ****   RCC_ClkInitStruct.AHBCLKDivider = RCC_SYSCLK_DIV1;
 106:Core/Src/main.c ****   RCC_ClkInitStruct.APB1CLKDivider = RCC_HCLK_DIV2;
 107:Core/Src/main.c ****   RCC_ClkInitStruct.APB2CLKDivider = RCC_HCLK_DIV1;
 108:Core/Src/main.c **** 
 109:Core/Src/main.c ****   /* Flash latency = 2 wait states for 84 MHz at 2.7V-3.6V */
 110:Core/Src/main.c ****   if (HAL_RCC_ClockConfig(&RCC_ClkInitStruct, FLASH_LATENCY_2) != HAL_OK)
 111:Core/Src/main.c ****   {
 112:Core/Src/main.c ****     Error_Handler();
 113:Core/Src/main.c ****   }
 114:Core/Src/main.c **** }
 115:Core/Src/main.c **** 
 116:Core/Src/main.c **** /**
 117:Core/Src/main.c ****   * @brief GPIO Initialization Function
 118:Core/Src/main.c ****   * @detail Configures PC13 as output push-pull for onboard LED
 119:Core/Src/main.c ****   *         - Mode: Output Push-Pull
 120:Core/Src/main.c ****   *         - Pull: No pull-up, no pull-down
 121:Core/Src/main.c ****   *         - Speed: Low (sufficient for LED toggling)
 122:Core/Src/main.c ****   *         - Initial state: GPIO_PIN_SET (LED OFF, since active LOW)
 123:Core/Src/main.c ****   * @retval None
 124:Core/Src/main.c ****   */
 125:Core/Src/main.c **** static void MX_GPIO_Init(void)
 126:Core/Src/main.c **** {
  28              		.loc 1 126 1 view -0
  29              		.cfi_startproc
  30              		@ args = 0, pretend = 0, frame = 32
  31              		@ frame_needed = 0, uses_anonymous_args = 0
  32 0000 30B5     		push	{r4, r5, lr}
  33              	.LCFI0:
  34              		.cfi_def_cfa_offset 12
  35              		.cfi_offset 4, -12
  36              		.cfi_offset 5, -8
  37              		.cfi_offset 14, -4
  38 0002 89B0     		sub	sp, sp, #36
  39              	.LCFI1:
  40              		.cfi_def_cfa_offset 48
 127:Core/Src/main.c ****   GPIO_InitTypeDef GPIO_InitStruct = {0};
  41              		.loc 1 127 3 view .LVU1
  42              		.loc 1 127 20 is_stmt 0 view .LVU2
  43 0004 0024     		movs	r4, #0
  44 0006 0394     		str	r4, [sp, #12]
  45 0008 0494     		str	r4, [sp, #16]
ARM GAS  C:\Users\Admin\AppData\Local\Temp\ccGVrvTu.s 			page 4


  46 000a 0594     		str	r4, [sp, #20]
  47 000c 0694     		str	r4, [sp, #24]
  48 000e 0794     		str	r4, [sp, #28]
 128:Core/Src/main.c **** 
 129:Core/Src/main.c ****   /* GPIO Ports Clock Enable */
 130:Core/Src/main.c ****   __HAL_RCC_GPIOC_CLK_ENABLE();
  49              		.loc 1 130 3 is_stmt 1 view .LVU3
  50              	.LBB4:
  51              		.loc 1 130 3 view .LVU4
  52 0010 0094     		str	r4, [sp]
  53              		.loc 1 130 3 view .LVU5
  54 0012 194B     		ldr	r3, .L3
  55 0014 1A6B     		ldr	r2, [r3, #48]
  56 0016 42F00402 		orr	r2, r2, #4
  57 001a 1A63     		str	r2, [r3, #48]
  58              		.loc 1 130 3 view .LVU6
  59 001c 1A6B     		ldr	r2, [r3, #48]
  60 001e 02F00402 		and	r2, r2, #4
  61 0022 0092     		str	r2, [sp]
  62              		.loc 1 130 3 view .LVU7
  63 0024 009A     		ldr	r2, [sp]
  64              	.LBE4:
  65              		.loc 1 130 3 view .LVU8
 131:Core/Src/main.c ****   __HAL_RCC_GPIOH_CLK_ENABLE();  /* For HSE pins PH0/PH1 */
  66              		.loc 1 131 3 view .LVU9
  67              	.LBB5:
  68              		.loc 1 131 3 view .LVU10
  69 0026 0194     		str	r4, [sp, #4]
  70              		.loc 1 131 3 view .LVU11
  71 0028 1A6B     		ldr	r2, [r3, #48]
  72 002a 42F08002 		orr	r2, r2, #128
  73 002e 1A63     		str	r2, [r3, #48]
  74              		.loc 1 131 3 view .LVU12
  75 0030 1A6B     		ldr	r2, [r3, #48]
  76 0032 02F08002 		and	r2, r2, #128
  77 0036 0192     		str	r2, [sp, #4]
  78              		.loc 1 131 3 view .LVU13
  79 0038 019A     		ldr	r2, [sp, #4]
  80              	.LBE5:
  81              		.loc 1 131 3 view .LVU14
 132:Core/Src/main.c ****   __HAL_RCC_GPIOA_CLK_ENABLE();  /* For SWD pins PA13/PA14 */
  82              		.loc 1 132 3 view .LVU15
  83              	.LBB6:
  84              		.loc 1 132 3 view .LVU16
  85 003a 0294     		str	r4, [sp, #8]
  86              		.loc 1 132 3 view .LVU17
  87 003c 1A6B     		ldr	r2, [r3, #48]
  88 003e 42F00102 		orr	r2, r2, #1
  89 0042 1A63     		str	r2, [r3, #48]
  90              		.loc 1 132 3 view .LVU18
  91 0044 1B6B     		ldr	r3, [r3, #48]
  92 0046 03F00103 		and	r3, r3, #1
  93 004a 0293     		str	r3, [sp, #8]
  94              		.loc 1 132 3 view .LVU19
  95 004c 029B     		ldr	r3, [sp, #8]
  96              	.LBE6:
  97              		.loc 1 132 3 view .LVU20
ARM GAS  C:\Users\Admin\AppData\Local\Temp\ccGVrvTu.s 			page 5


 133:Core/Src/main.c **** 
 134:Core/Src/main.c ****   /* Configure GPIO pin Output Level - Start with LED OFF (active LOW, so SET = OFF) */
 135:Core/Src/main.c ****   HAL_GPIO_WritePin(LED_ONBOARD_GPIO_Port, LED_ONBOARD_Pin, GPIO_PIN_SET);
  98              		.loc 1 135 3 view .LVU21
  99 004e 0B4D     		ldr	r5, .L3+4
 100 0050 0122     		movs	r2, #1
 101 0052 4FF40051 		mov	r1, #8192
 102 0056 2846     		mov	r0, r5
 103 0058 FFF7FEFF 		bl	HAL_GPIO_WritePin
 104              	.LVL0:
 136:Core/Src/main.c **** 
 137:Core/Src/main.c ****   /* Configure GPIO pin : LED_ONBOARD_Pin (PC13)
 138:Core/Src/main.c ****    * Output Push-Pull, No pull, Low speed
 139:Core/Src/main.c ****    */
 140:Core/Src/main.c ****   GPIO_InitStruct.Pin = LED_ONBOARD_Pin;
 105              		.loc 1 140 3 view .LVU22
 106              		.loc 1 140 23 is_stmt 0 view .LVU23
 107 005c 4FF40053 		mov	r3, #8192
 108 0060 0393     		str	r3, [sp, #12]
 141:Core/Src/main.c ****   GPIO_InitStruct.Mode = GPIO_MODE_OUTPUT_PP;
 109              		.loc 1 141 3 is_stmt 1 view .LVU24
 110              		.loc 1 141 24 is_stmt 0 view .LVU25
 111 0062 0123     		movs	r3, #1
 112 0064 0493     		str	r3, [sp, #16]
 142:Core/Src/main.c ****   GPIO_InitStruct.Pull = GPIO_NOPULL;
 113              		.loc 1 142 3 is_stmt 1 view .LVU26
 114              		.loc 1 142 24 is_stmt 0 view .LVU27
 115 0066 0594     		str	r4, [sp, #20]
 143:Core/Src/main.c ****   GPIO_InitStruct.Speed = GPIO_SPEED_FREQ_LOW;
 116              		.loc 1 143 3 is_stmt 1 view .LVU28
 117              		.loc 1 143 25 is_stmt 0 view .LVU29
 118 0068 0694     		str	r4, [sp, #24]
 144:Core/Src/main.c ****   HAL_GPIO_Init(LED_ONBOARD_GPIO_Port, &GPIO_InitStruct);
 119              		.loc 1 144 3 is_stmt 1 view .LVU30
 120 006a 03A9     		add	r1, sp, #12
 121 006c 2846     		mov	r0, r5
 122 006e FFF7FEFF 		bl	HAL_GPIO_Init
 123              	.LVL1:
 145:Core/Src/main.c **** }
 124              		.loc 1 145 1 is_stmt 0 view .LVU31
 125 0072 09B0     		add	sp, sp, #36
 126              	.LCFI2:
 127              		.cfi_def_cfa_offset 12
 128              		@ sp needed
 129 0074 30BD     		pop	{r4, r5, pc}
 130              	.L4:
 131 0076 00BF     		.align	2
 132              	.L3:
 133 0078 00380240 		.word	1073887232
 134 007c 00080240 		.word	1073874944
 135              		.cfi_endproc
 136              	.LFE162:
 138              		.section	.text.Error_Handler,"ax",%progbits
 139              		.align	1
 140              		.global	Error_Handler
 141              		.syntax unified
 142              		.thumb
ARM GAS  C:\Users\Admin\AppData\Local\Temp\ccGVrvTu.s 			page 6


 143              		.thumb_func
 145              	Error_Handler:
 146              	.LFB163:
 146:Core/Src/main.c **** 
 147:Core/Src/main.c **** /**
 148:Core/Src/main.c ****   * @brief  This function is executed in case of error occurrence.
 149:Core/Src/main.c ****   * @retval None
 150:Core/Src/main.c ****   */
 151:Core/Src/main.c **** void Error_Handler(void)
 152:Core/Src/main.c **** {
 147              		.loc 1 152 1 is_stmt 1 view -0
 148              		.cfi_startproc
 149              		@ Volatile: function does not return.
 150              		@ args = 0, pretend = 0, frame = 0
 151              		@ frame_needed = 0, uses_anonymous_args = 0
 152              		@ link register save eliminated.
 153:Core/Src/main.c ****   /* User can add his own implementation to report the HAL error return state */
 154:Core/Src/main.c ****   __disable_irq();
 153              		.loc 1 154 3 view .LVU33
 154              	.LBB7:
 155              	.LBI7:
 156              		.file 2 "Drivers/CMSIS/Include/cmsis_gcc.h"
   1:Drivers/CMSIS/Include/cmsis_gcc.h **** /**************************************************************************//**
   2:Drivers/CMSIS/Include/cmsis_gcc.h ****  * @file     cmsis_gcc.h
   3:Drivers/CMSIS/Include/cmsis_gcc.h ****  * @brief    CMSIS compiler GCC header file
   4:Drivers/CMSIS/Include/cmsis_gcc.h ****  * @version  V6.0.0
   5:Drivers/CMSIS/Include/cmsis_gcc.h ****  * @date     27. July 2024
   6:Drivers/CMSIS/Include/cmsis_gcc.h ****  ******************************************************************************/
   7:Drivers/CMSIS/Include/cmsis_gcc.h **** /*
   8:Drivers/CMSIS/Include/cmsis_gcc.h ****  * Copyright (c) 2009-2023 Arm Limited. All rights reserved.
   9:Drivers/CMSIS/Include/cmsis_gcc.h ****  *
  10:Drivers/CMSIS/Include/cmsis_gcc.h ****  * SPDX-License-Identifier: Apache-2.0
  11:Drivers/CMSIS/Include/cmsis_gcc.h ****  *
  12:Drivers/CMSIS/Include/cmsis_gcc.h ****  * Licensed under the Apache License, Version 2.0 (the License); you may
  13:Drivers/CMSIS/Include/cmsis_gcc.h ****  * not use this file except in compliance with the License.
  14:Drivers/CMSIS/Include/cmsis_gcc.h ****  * You may obtain a copy of the License at
  15:Drivers/CMSIS/Include/cmsis_gcc.h ****  *
  16:Drivers/CMSIS/Include/cmsis_gcc.h ****  * www.apache.org/licenses/LICENSE-2.0
  17:Drivers/CMSIS/Include/cmsis_gcc.h ****  *
  18:Drivers/CMSIS/Include/cmsis_gcc.h ****  * Unless required by applicable law or agreed to in writing, software
  19:Drivers/CMSIS/Include/cmsis_gcc.h ****  * distributed under the License is distributed on an AS IS BASIS, WITHOUT
  20:Drivers/CMSIS/Include/cmsis_gcc.h ****  * WARRANTIES OR CONDITIONS OF ANY KIND, either express or implied.
  21:Drivers/CMSIS/Include/cmsis_gcc.h ****  * See the License for the specific language governing permissions and
  22:Drivers/CMSIS/Include/cmsis_gcc.h ****  * limitations under the License.
  23:Drivers/CMSIS/Include/cmsis_gcc.h ****  */
  24:Drivers/CMSIS/Include/cmsis_gcc.h **** 
  25:Drivers/CMSIS/Include/cmsis_gcc.h **** #ifndef __CMSIS_GCC_H
  26:Drivers/CMSIS/Include/cmsis_gcc.h **** #define __CMSIS_GCC_H
  27:Drivers/CMSIS/Include/cmsis_gcc.h **** 
  28:Drivers/CMSIS/Include/cmsis_gcc.h **** #pragma GCC system_header   /* treat file as system include file */
  29:Drivers/CMSIS/Include/cmsis_gcc.h **** 
  30:Drivers/CMSIS/Include/cmsis_gcc.h **** #include <arm_acle.h>
  31:Drivers/CMSIS/Include/cmsis_gcc.h **** 
  32:Drivers/CMSIS/Include/cmsis_gcc.h **** /* Fallback for __has_builtin */
  33:Drivers/CMSIS/Include/cmsis_gcc.h **** #ifndef __has_builtin
  34:Drivers/CMSIS/Include/cmsis_gcc.h ****   #define __has_builtin(x) (0)
  35:Drivers/CMSIS/Include/cmsis_gcc.h **** #endif
ARM GAS  C:\Users\Admin\AppData\Local\Temp\ccGVrvTu.s 			page 7


  36:Drivers/CMSIS/Include/cmsis_gcc.h **** 
  37:Drivers/CMSIS/Include/cmsis_gcc.h **** /* CMSIS compiler specific defines */
  38:Drivers/CMSIS/Include/cmsis_gcc.h **** #ifndef   __ASM
  39:Drivers/CMSIS/Include/cmsis_gcc.h ****   #define __ASM                                  __asm
  40:Drivers/CMSIS/Include/cmsis_gcc.h **** #endif
  41:Drivers/CMSIS/Include/cmsis_gcc.h **** #ifndef   __INLINE
  42:Drivers/CMSIS/Include/cmsis_gcc.h ****   #define __INLINE                               inline
  43:Drivers/CMSIS/Include/cmsis_gcc.h **** #endif
  44:Drivers/CMSIS/Include/cmsis_gcc.h **** #ifndef   __STATIC_INLINE
  45:Drivers/CMSIS/Include/cmsis_gcc.h ****   #define __STATIC_INLINE                        static inline
  46:Drivers/CMSIS/Include/cmsis_gcc.h **** #endif
  47:Drivers/CMSIS/Include/cmsis_gcc.h **** #ifndef   __STATIC_FORCEINLINE
  48:Drivers/CMSIS/Include/cmsis_gcc.h ****   #define __STATIC_FORCEINLINE                   __attribute__((always_inline)) static inline
  49:Drivers/CMSIS/Include/cmsis_gcc.h **** #endif
  50:Drivers/CMSIS/Include/cmsis_gcc.h **** #ifndef   __NO_RETURN
  51:Drivers/CMSIS/Include/cmsis_gcc.h ****   #define __NO_RETURN                            __attribute__((__noreturn__))
  52:Drivers/CMSIS/Include/cmsis_gcc.h **** #endif
  53:Drivers/CMSIS/Include/cmsis_gcc.h **** #ifndef   CMSIS_DEPRECATED
  54:Drivers/CMSIS/Include/cmsis_gcc.h ****   #define CMSIS_DEPRECATED                       __attribute__((deprecated))
  55:Drivers/CMSIS/Include/cmsis_gcc.h **** #endif
  56:Drivers/CMSIS/Include/cmsis_gcc.h **** #ifndef   __USED
  57:Drivers/CMSIS/Include/cmsis_gcc.h ****   #define __USED                                 __attribute__((used))
  58:Drivers/CMSIS/Include/cmsis_gcc.h **** #endif
  59:Drivers/CMSIS/Include/cmsis_gcc.h **** #ifndef   __WEAK
  60:Drivers/CMSIS/Include/cmsis_gcc.h ****   #define __WEAK                                 __attribute__((weak))
  61:Drivers/CMSIS/Include/cmsis_gcc.h **** #endif
  62:Drivers/CMSIS/Include/cmsis_gcc.h **** #ifndef   __PACKED
  63:Drivers/CMSIS/Include/cmsis_gcc.h ****   #define __PACKED                               __attribute__((packed, aligned(1)))
  64:Drivers/CMSIS/Include/cmsis_gcc.h **** #endif
  65:Drivers/CMSIS/Include/cmsis_gcc.h **** #ifndef   __PACKED_STRUCT
  66:Drivers/CMSIS/Include/cmsis_gcc.h ****   #define __PACKED_STRUCT                        struct __attribute__((packed, aligned(1)))
  67:Drivers/CMSIS/Include/cmsis_gcc.h **** #endif
  68:Drivers/CMSIS/Include/cmsis_gcc.h **** #ifndef   __PACKED_UNION
  69:Drivers/CMSIS/Include/cmsis_gcc.h ****   #define __PACKED_UNION                         union __attribute__((packed, aligned(1)))
  70:Drivers/CMSIS/Include/cmsis_gcc.h **** #endif
  71:Drivers/CMSIS/Include/cmsis_gcc.h **** #ifndef   __UNALIGNED_UINT16_WRITE
  72:Drivers/CMSIS/Include/cmsis_gcc.h ****   #pragma GCC diagnostic push
  73:Drivers/CMSIS/Include/cmsis_gcc.h ****   #pragma GCC diagnostic ignored "-Wpacked"
  74:Drivers/CMSIS/Include/cmsis_gcc.h ****   #pragma GCC diagnostic ignored "-Wattributes"
  75:Drivers/CMSIS/Include/cmsis_gcc.h ****   __PACKED_STRUCT T_UINT16_WRITE { uint16_t v; };
  76:Drivers/CMSIS/Include/cmsis_gcc.h ****   #pragma GCC diagnostic pop
  77:Drivers/CMSIS/Include/cmsis_gcc.h ****   #define __UNALIGNED_UINT16_WRITE(addr, val)    (void)((((struct T_UINT16_WRITE *)(void *)(addr))-
  78:Drivers/CMSIS/Include/cmsis_gcc.h **** #endif
  79:Drivers/CMSIS/Include/cmsis_gcc.h **** #ifndef   __UNALIGNED_UINT16_READ
  80:Drivers/CMSIS/Include/cmsis_gcc.h ****   #pragma GCC diagnostic push
  81:Drivers/CMSIS/Include/cmsis_gcc.h ****   #pragma GCC diagnostic ignored "-Wpacked"
  82:Drivers/CMSIS/Include/cmsis_gcc.h ****   #pragma GCC diagnostic ignored "-Wattributes"
  83:Drivers/CMSIS/Include/cmsis_gcc.h ****   __PACKED_STRUCT T_UINT16_READ { uint16_t v; };
  84:Drivers/CMSIS/Include/cmsis_gcc.h ****   #pragma GCC diagnostic pop
  85:Drivers/CMSIS/Include/cmsis_gcc.h ****   #define __UNALIGNED_UINT16_READ(addr)          (((const struct T_UINT16_READ *)(const void *)(add
  86:Drivers/CMSIS/Include/cmsis_gcc.h **** #endif
  87:Drivers/CMSIS/Include/cmsis_gcc.h **** #ifndef   __UNALIGNED_UINT32_WRITE
  88:Drivers/CMSIS/Include/cmsis_gcc.h ****   #pragma GCC diagnostic push
  89:Drivers/CMSIS/Include/cmsis_gcc.h ****   #pragma GCC diagnostic ignored "-Wpacked"
  90:Drivers/CMSIS/Include/cmsis_gcc.h ****   #pragma GCC diagnostic ignored "-Wattributes"
  91:Drivers/CMSIS/Include/cmsis_gcc.h ****   __PACKED_STRUCT T_UINT32_WRITE { uint32_t v; };
  92:Drivers/CMSIS/Include/cmsis_gcc.h ****   #pragma GCC diagnostic pop
ARM GAS  C:\Users\Admin\AppData\Local\Temp\ccGVrvTu.s 			page 8


  93:Drivers/CMSIS/Include/cmsis_gcc.h ****   #define __UNALIGNED_UINT32_WRITE(addr, val)    (void)((((struct T_UINT32_WRITE *)(void *)(addr))-
  94:Drivers/CMSIS/Include/cmsis_gcc.h **** #endif
  95:Drivers/CMSIS/Include/cmsis_gcc.h **** #ifndef   __UNALIGNED_UINT32_READ
  96:Drivers/CMSIS/Include/cmsis_gcc.h ****   #pragma GCC diagnostic push
  97:Drivers/CMSIS/Include/cmsis_gcc.h ****   #pragma GCC diagnostic ignored "-Wpacked"
  98:Drivers/CMSIS/Include/cmsis_gcc.h ****   #pragma GCC diagnostic ignored "-Wattributes"
  99:Drivers/CMSIS/Include/cmsis_gcc.h ****   __PACKED_STRUCT T_UINT32_READ { uint32_t v; };
 100:Drivers/CMSIS/Include/cmsis_gcc.h ****   #pragma GCC diagnostic pop
 101:Drivers/CMSIS/Include/cmsis_gcc.h ****   #define __UNALIGNED_UINT32_READ(addr)          (((const struct T_UINT32_READ *)(const void *)(add
 102:Drivers/CMSIS/Include/cmsis_gcc.h **** #endif
 103:Drivers/CMSIS/Include/cmsis_gcc.h **** #ifndef   __ALIGNED
 104:Drivers/CMSIS/Include/cmsis_gcc.h ****   #define __ALIGNED(x)                           __attribute__((aligned(x)))
 105:Drivers/CMSIS/Include/cmsis_gcc.h **** #endif
 106:Drivers/CMSIS/Include/cmsis_gcc.h **** #ifndef   __RESTRICT
 107:Drivers/CMSIS/Include/cmsis_gcc.h ****   #define __RESTRICT                             __restrict
 108:Drivers/CMSIS/Include/cmsis_gcc.h **** #endif
 109:Drivers/CMSIS/Include/cmsis_gcc.h **** #ifndef   __COMPILER_BARRIER
 110:Drivers/CMSIS/Include/cmsis_gcc.h ****   #define __COMPILER_BARRIER()                   __ASM volatile("":::"memory")
 111:Drivers/CMSIS/Include/cmsis_gcc.h **** #endif
 112:Drivers/CMSIS/Include/cmsis_gcc.h **** #ifndef __NO_INIT
 113:Drivers/CMSIS/Include/cmsis_gcc.h ****   #define __NO_INIT                              __attribute__ ((section (".noinit")))
 114:Drivers/CMSIS/Include/cmsis_gcc.h **** #endif
 115:Drivers/CMSIS/Include/cmsis_gcc.h **** #ifndef __ALIAS
 116:Drivers/CMSIS/Include/cmsis_gcc.h ****   #define __ALIAS(x)                             __attribute__ ((alias(x)))
 117:Drivers/CMSIS/Include/cmsis_gcc.h **** #endif
 118:Drivers/CMSIS/Include/cmsis_gcc.h **** 
 119:Drivers/CMSIS/Include/cmsis_gcc.h **** /* ##########################  Core Instruction Access  ######################### */
 120:Drivers/CMSIS/Include/cmsis_gcc.h **** /** \defgroup CMSIS_Core_InstructionInterface CMSIS Core Instruction Interface
 121:Drivers/CMSIS/Include/cmsis_gcc.h ****   Access to dedicated instructions
 122:Drivers/CMSIS/Include/cmsis_gcc.h ****   @{
 123:Drivers/CMSIS/Include/cmsis_gcc.h **** */
 124:Drivers/CMSIS/Include/cmsis_gcc.h **** 
 125:Drivers/CMSIS/Include/cmsis_gcc.h **** /* Define macros for porting to both thumb1 and thumb2.
 126:Drivers/CMSIS/Include/cmsis_gcc.h ****  * For thumb1, use low register (r0-r7), specified by constraint "l"
 127:Drivers/CMSIS/Include/cmsis_gcc.h ****  * Otherwise, use general registers, specified by constraint "r" */
 128:Drivers/CMSIS/Include/cmsis_gcc.h **** #if defined (__thumb__) && !defined (__thumb2__)
 129:Drivers/CMSIS/Include/cmsis_gcc.h **** #define __CMSIS_GCC_OUT_REG(r) "=l" (r)
 130:Drivers/CMSIS/Include/cmsis_gcc.h **** #define __CMSIS_GCC_RW_REG(r) "+l" (r)
 131:Drivers/CMSIS/Include/cmsis_gcc.h **** #define __CMSIS_GCC_USE_REG(r) "l" (r)
 132:Drivers/CMSIS/Include/cmsis_gcc.h **** #else
 133:Drivers/CMSIS/Include/cmsis_gcc.h **** #define __CMSIS_GCC_OUT_REG(r) "=r" (r)
 134:Drivers/CMSIS/Include/cmsis_gcc.h **** #define __CMSIS_GCC_RW_REG(r) "+r" (r)
 135:Drivers/CMSIS/Include/cmsis_gcc.h **** #define __CMSIS_GCC_USE_REG(r) "r" (r)
 136:Drivers/CMSIS/Include/cmsis_gcc.h **** #endif
 137:Drivers/CMSIS/Include/cmsis_gcc.h **** 
 138:Drivers/CMSIS/Include/cmsis_gcc.h **** /**
 139:Drivers/CMSIS/Include/cmsis_gcc.h ****   \brief   No Operation
 140:Drivers/CMSIS/Include/cmsis_gcc.h ****   \details No Operation does nothing. This instruction can be used for code alignment purposes.
 141:Drivers/CMSIS/Include/cmsis_gcc.h ****  */
 142:Drivers/CMSIS/Include/cmsis_gcc.h **** #define __NOP()         __ASM volatile ("nop")
 143:Drivers/CMSIS/Include/cmsis_gcc.h **** 
 144:Drivers/CMSIS/Include/cmsis_gcc.h **** 
 145:Drivers/CMSIS/Include/cmsis_gcc.h **** /**
 146:Drivers/CMSIS/Include/cmsis_gcc.h ****   \brief   Wait For Interrupt
 147:Drivers/CMSIS/Include/cmsis_gcc.h ****   \details Wait For Interrupt is a hint instruction that suspends execution until one of a number o
 148:Drivers/CMSIS/Include/cmsis_gcc.h ****  */
 149:Drivers/CMSIS/Include/cmsis_gcc.h **** #define __WFI()         __ASM volatile ("wfi":::"memory")
ARM GAS  C:\Users\Admin\AppData\Local\Temp\ccGVrvTu.s 			page 9


 150:Drivers/CMSIS/Include/cmsis_gcc.h **** 
 151:Drivers/CMSIS/Include/cmsis_gcc.h **** 
 152:Drivers/CMSIS/Include/cmsis_gcc.h **** /**
 153:Drivers/CMSIS/Include/cmsis_gcc.h ****   \brief   Wait For Event
 154:Drivers/CMSIS/Include/cmsis_gcc.h ****   \details Wait For Event is a hint instruction that permits the processor to enter
 155:Drivers/CMSIS/Include/cmsis_gcc.h ****            a low-power state until one of a number of events occurs.
 156:Drivers/CMSIS/Include/cmsis_gcc.h ****  */
 157:Drivers/CMSIS/Include/cmsis_gcc.h **** #define __WFE()         __ASM volatile ("wfe":::"memory")
 158:Drivers/CMSIS/Include/cmsis_gcc.h **** 
 159:Drivers/CMSIS/Include/cmsis_gcc.h **** 
 160:Drivers/CMSIS/Include/cmsis_gcc.h **** /**
 161:Drivers/CMSIS/Include/cmsis_gcc.h ****   \brief   Send Event
 162:Drivers/CMSIS/Include/cmsis_gcc.h ****   \details Send Event is a hint instruction. It causes an event to be signaled to the CPU.
 163:Drivers/CMSIS/Include/cmsis_gcc.h ****  */
 164:Drivers/CMSIS/Include/cmsis_gcc.h **** #define __SEV()         __ASM volatile ("sev")
 165:Drivers/CMSIS/Include/cmsis_gcc.h **** 
 166:Drivers/CMSIS/Include/cmsis_gcc.h **** 
 167:Drivers/CMSIS/Include/cmsis_gcc.h **** /**
 168:Drivers/CMSIS/Include/cmsis_gcc.h ****   \brief   Instruction Synchronization Barrier
 169:Drivers/CMSIS/Include/cmsis_gcc.h ****   \details Instruction Synchronization Barrier flushes the pipeline in the processor,
 170:Drivers/CMSIS/Include/cmsis_gcc.h ****            so that all instructions following the ISB are fetched from cache or memory,
 171:Drivers/CMSIS/Include/cmsis_gcc.h ****            after the instruction has been completed.
 172:Drivers/CMSIS/Include/cmsis_gcc.h ****  */
 173:Drivers/CMSIS/Include/cmsis_gcc.h **** __STATIC_FORCEINLINE void __ISB(void)
 174:Drivers/CMSIS/Include/cmsis_gcc.h **** {
 175:Drivers/CMSIS/Include/cmsis_gcc.h ****   __ASM volatile ("isb 0xF":::"memory");
 176:Drivers/CMSIS/Include/cmsis_gcc.h **** }
 177:Drivers/CMSIS/Include/cmsis_gcc.h **** 
 178:Drivers/CMSIS/Include/cmsis_gcc.h **** 
 179:Drivers/CMSIS/Include/cmsis_gcc.h **** /**
 180:Drivers/CMSIS/Include/cmsis_gcc.h ****   \brief   Data Synchronization Barrier
 181:Drivers/CMSIS/Include/cmsis_gcc.h ****   \details Acts as a special kind of Data Memory Barrier.
 182:Drivers/CMSIS/Include/cmsis_gcc.h ****            It completes when all explicit memory accesses before this instruction complete.
 183:Drivers/CMSIS/Include/cmsis_gcc.h ****  */
 184:Drivers/CMSIS/Include/cmsis_gcc.h **** __STATIC_FORCEINLINE void __DSB(void)
 185:Drivers/CMSIS/Include/cmsis_gcc.h **** {
 186:Drivers/CMSIS/Include/cmsis_gcc.h ****   __ASM volatile ("dsb 0xF":::"memory");
 187:Drivers/CMSIS/Include/cmsis_gcc.h **** }
 188:Drivers/CMSIS/Include/cmsis_gcc.h **** 
 189:Drivers/CMSIS/Include/cmsis_gcc.h **** 
 190:Drivers/CMSIS/Include/cmsis_gcc.h **** /**
 191:Drivers/CMSIS/Include/cmsis_gcc.h ****   \brief   Data Memory Barrier
 192:Drivers/CMSIS/Include/cmsis_gcc.h ****   \details Ensures the apparent order of the explicit memory operations before
 193:Drivers/CMSIS/Include/cmsis_gcc.h ****            and after the instruction, without ensuring their completion.
 194:Drivers/CMSIS/Include/cmsis_gcc.h ****  */
 195:Drivers/CMSIS/Include/cmsis_gcc.h **** __STATIC_FORCEINLINE void __DMB(void)
 196:Drivers/CMSIS/Include/cmsis_gcc.h **** {
 197:Drivers/CMSIS/Include/cmsis_gcc.h ****   __ASM volatile ("dmb 0xF":::"memory");
 198:Drivers/CMSIS/Include/cmsis_gcc.h **** }
 199:Drivers/CMSIS/Include/cmsis_gcc.h **** 
 200:Drivers/CMSIS/Include/cmsis_gcc.h **** 
 201:Drivers/CMSIS/Include/cmsis_gcc.h **** /**
 202:Drivers/CMSIS/Include/cmsis_gcc.h ****   \brief   Reverse byte order (32 bit)
 203:Drivers/CMSIS/Include/cmsis_gcc.h ****   \details Reverses the byte order in unsigned integer value. For example, 0x12345678 becomes 0x785
 204:Drivers/CMSIS/Include/cmsis_gcc.h ****   \param [in]    value  Value to reverse
 205:Drivers/CMSIS/Include/cmsis_gcc.h ****   \return               Reversed value
 206:Drivers/CMSIS/Include/cmsis_gcc.h ****  */
ARM GAS  C:\Users\Admin\AppData\Local\Temp\ccGVrvTu.s 			page 10


 207:Drivers/CMSIS/Include/cmsis_gcc.h **** __STATIC_FORCEINLINE uint32_t __REV(uint32_t value)
 208:Drivers/CMSIS/Include/cmsis_gcc.h **** {
 209:Drivers/CMSIS/Include/cmsis_gcc.h ****   return __builtin_bswap32(value);
 210:Drivers/CMSIS/Include/cmsis_gcc.h **** }
 211:Drivers/CMSIS/Include/cmsis_gcc.h **** 
 212:Drivers/CMSIS/Include/cmsis_gcc.h **** 
 213:Drivers/CMSIS/Include/cmsis_gcc.h **** /**
 214:Drivers/CMSIS/Include/cmsis_gcc.h ****   \brief   Reverse byte order (16 bit)
 215:Drivers/CMSIS/Include/cmsis_gcc.h ****   \details Reverses the byte order within each halfword of a word. For example, 0x12345678 becomes 
 216:Drivers/CMSIS/Include/cmsis_gcc.h ****   \param [in]    value  Value to reverse
 217:Drivers/CMSIS/Include/cmsis_gcc.h ****   \return               Reversed value
 218:Drivers/CMSIS/Include/cmsis_gcc.h ****  */
 219:Drivers/CMSIS/Include/cmsis_gcc.h **** __STATIC_FORCEINLINE uint32_t __REV16(uint32_t value)
 220:Drivers/CMSIS/Include/cmsis_gcc.h **** {
 221:Drivers/CMSIS/Include/cmsis_gcc.h ****   uint32_t result;
 222:Drivers/CMSIS/Include/cmsis_gcc.h **** 
 223:Drivers/CMSIS/Include/cmsis_gcc.h ****   __ASM ("rev16 %0, %1" : __CMSIS_GCC_OUT_REG (result) : __CMSIS_GCC_USE_REG (value) );
 224:Drivers/CMSIS/Include/cmsis_gcc.h ****   return (result);
 225:Drivers/CMSIS/Include/cmsis_gcc.h **** }
 226:Drivers/CMSIS/Include/cmsis_gcc.h **** 
 227:Drivers/CMSIS/Include/cmsis_gcc.h **** 
 228:Drivers/CMSIS/Include/cmsis_gcc.h **** /**
 229:Drivers/CMSIS/Include/cmsis_gcc.h ****   \brief   Reverse byte order (16 bit)
 230:Drivers/CMSIS/Include/cmsis_gcc.h ****   \details Reverses the byte order in a 16-bit value and returns the signed 16-bit result. For exam
 231:Drivers/CMSIS/Include/cmsis_gcc.h ****   \param [in]    value  Value to reverse
 232:Drivers/CMSIS/Include/cmsis_gcc.h ****   \return               Reversed value
 233:Drivers/CMSIS/Include/cmsis_gcc.h ****  */
 234:Drivers/CMSIS/Include/cmsis_gcc.h **** __STATIC_FORCEINLINE int16_t __REVSH(int16_t value)
 235:Drivers/CMSIS/Include/cmsis_gcc.h **** {
 236:Drivers/CMSIS/Include/cmsis_gcc.h ****   return (int16_t)__builtin_bswap16(value);
 237:Drivers/CMSIS/Include/cmsis_gcc.h **** }
 238:Drivers/CMSIS/Include/cmsis_gcc.h **** 
 239:Drivers/CMSIS/Include/cmsis_gcc.h **** 
 240:Drivers/CMSIS/Include/cmsis_gcc.h **** /**
 241:Drivers/CMSIS/Include/cmsis_gcc.h ****   \brief   Rotate Right in unsigned value (32 bit)
 242:Drivers/CMSIS/Include/cmsis_gcc.h ****   \details Rotate Right (immediate) provides the value of the contents of a register rotated by a v
 243:Drivers/CMSIS/Include/cmsis_gcc.h ****   \param [in]    op1  Value to rotate
 244:Drivers/CMSIS/Include/cmsis_gcc.h ****   \param [in]    op2  Number of Bits to rotate
 245:Drivers/CMSIS/Include/cmsis_gcc.h ****   \return               Rotated value
 246:Drivers/CMSIS/Include/cmsis_gcc.h ****  */
 247:Drivers/CMSIS/Include/cmsis_gcc.h **** __STATIC_FORCEINLINE uint32_t __ROR(uint32_t op1, uint32_t op2)
 248:Drivers/CMSIS/Include/cmsis_gcc.h **** {
 249:Drivers/CMSIS/Include/cmsis_gcc.h ****   op2 %= 32U;
 250:Drivers/CMSIS/Include/cmsis_gcc.h ****   if (op2 == 0U)
 251:Drivers/CMSIS/Include/cmsis_gcc.h ****   {
 252:Drivers/CMSIS/Include/cmsis_gcc.h ****     return op1;
 253:Drivers/CMSIS/Include/cmsis_gcc.h ****   }
 254:Drivers/CMSIS/Include/cmsis_gcc.h ****   return (op1 >> op2) | (op1 << (32U - op2));
 255:Drivers/CMSIS/Include/cmsis_gcc.h **** }
 256:Drivers/CMSIS/Include/cmsis_gcc.h **** 
 257:Drivers/CMSIS/Include/cmsis_gcc.h **** 
 258:Drivers/CMSIS/Include/cmsis_gcc.h **** /**
 259:Drivers/CMSIS/Include/cmsis_gcc.h ****   \brief   Breakpoint
 260:Drivers/CMSIS/Include/cmsis_gcc.h ****   \details Causes the processor to enter Debug state.
 261:Drivers/CMSIS/Include/cmsis_gcc.h ****            Debug tools can use this to investigate system state when the instruction at a particula
 262:Drivers/CMSIS/Include/cmsis_gcc.h ****   \param [in]    value  is ignored by the processor.
 263:Drivers/CMSIS/Include/cmsis_gcc.h ****                  If required, a debugger can use it to store additional information about the break
ARM GAS  C:\Users\Admin\AppData\Local\Temp\ccGVrvTu.s 			page 11


 264:Drivers/CMSIS/Include/cmsis_gcc.h ****  */
 265:Drivers/CMSIS/Include/cmsis_gcc.h **** #define __BKPT(value) __ASM volatile ("bkpt "#value)
 266:Drivers/CMSIS/Include/cmsis_gcc.h **** 
 267:Drivers/CMSIS/Include/cmsis_gcc.h **** 
 268:Drivers/CMSIS/Include/cmsis_gcc.h **** /**
 269:Drivers/CMSIS/Include/cmsis_gcc.h ****   \brief   Reverse bit order of value
 270:Drivers/CMSIS/Include/cmsis_gcc.h ****   \details Reverses the bit order of the given value.
 271:Drivers/CMSIS/Include/cmsis_gcc.h ****   \param [in]    value  Value to reverse
 272:Drivers/CMSIS/Include/cmsis_gcc.h ****   \return               Reversed value
 273:Drivers/CMSIS/Include/cmsis_gcc.h ****  */
 274:Drivers/CMSIS/Include/cmsis_gcc.h **** __STATIC_FORCEINLINE uint32_t __RBIT(uint32_t value)
 275:Drivers/CMSIS/Include/cmsis_gcc.h **** {
 276:Drivers/CMSIS/Include/cmsis_gcc.h ****   uint32_t result;
 277:Drivers/CMSIS/Include/cmsis_gcc.h **** 
 278:Drivers/CMSIS/Include/cmsis_gcc.h **** #if (__ARM_ARCH_ISA_THUMB >= 2)
 279:Drivers/CMSIS/Include/cmsis_gcc.h ****    __ASM ("rbit %0, %1" : "=r" (result) : "r" (value) );
 280:Drivers/CMSIS/Include/cmsis_gcc.h **** #else
 281:Drivers/CMSIS/Include/cmsis_gcc.h ****   uint32_t s = (4U /*sizeof(v)*/ * 8U) - 1U; /* extra shift needed at end */
 282:Drivers/CMSIS/Include/cmsis_gcc.h **** 
 283:Drivers/CMSIS/Include/cmsis_gcc.h ****   result = value;                      /* r will be reversed bits of v; first get LSB of v */
 284:Drivers/CMSIS/Include/cmsis_gcc.h ****   for (value >>= 1U; value != 0U; value >>= 1U)
 285:Drivers/CMSIS/Include/cmsis_gcc.h ****   {
 286:Drivers/CMSIS/Include/cmsis_gcc.h ****     result <<= 1U;
 287:Drivers/CMSIS/Include/cmsis_gcc.h ****     result |= value & 1U;
 288:Drivers/CMSIS/Include/cmsis_gcc.h ****     s--;
 289:Drivers/CMSIS/Include/cmsis_gcc.h ****   }
 290:Drivers/CMSIS/Include/cmsis_gcc.h ****   result <<= s;                        /* shift when v's highest bits are zero */
 291:Drivers/CMSIS/Include/cmsis_gcc.h **** #endif
 292:Drivers/CMSIS/Include/cmsis_gcc.h ****   return (result);
 293:Drivers/CMSIS/Include/cmsis_gcc.h **** }
 294:Drivers/CMSIS/Include/cmsis_gcc.h **** 
 295:Drivers/CMSIS/Include/cmsis_gcc.h **** 
 296:Drivers/CMSIS/Include/cmsis_gcc.h **** /**
 297:Drivers/CMSIS/Include/cmsis_gcc.h ****   \brief   Count leading zeros
 298:Drivers/CMSIS/Include/cmsis_gcc.h ****   \details Counts the number of leading zeros of a data value.
 299:Drivers/CMSIS/Include/cmsis_gcc.h ****   \param [in]  value  Value to count the leading zeros
 300:Drivers/CMSIS/Include/cmsis_gcc.h ****   \return             number of leading zeros in value
 301:Drivers/CMSIS/Include/cmsis_gcc.h ****  */
 302:Drivers/CMSIS/Include/cmsis_gcc.h **** __STATIC_FORCEINLINE uint8_t __CLZ(uint32_t value)
 303:Drivers/CMSIS/Include/cmsis_gcc.h **** {
 304:Drivers/CMSIS/Include/cmsis_gcc.h ****   /* Even though __builtin_clz produces a CLZ instruction on ARM, formally
 305:Drivers/CMSIS/Include/cmsis_gcc.h ****      __builtin_clz(0) is undefined behaviour, so handle this case specially.
 306:Drivers/CMSIS/Include/cmsis_gcc.h ****      This guarantees ARM-compatible results if happening to compile on a non-ARM
 307:Drivers/CMSIS/Include/cmsis_gcc.h ****      target, and ensures the compiler doesn't decide to activate any
 308:Drivers/CMSIS/Include/cmsis_gcc.h ****      optimisations using the logic "value was passed to __builtin_clz, so it
 309:Drivers/CMSIS/Include/cmsis_gcc.h ****      is non-zero".
 310:Drivers/CMSIS/Include/cmsis_gcc.h ****      ARM GCC 7.3 and possibly earlier will optimise this test away, leaving a
 311:Drivers/CMSIS/Include/cmsis_gcc.h ****      single CLZ instruction.
 312:Drivers/CMSIS/Include/cmsis_gcc.h ****    */
 313:Drivers/CMSIS/Include/cmsis_gcc.h ****   if (value == 0U)
 314:Drivers/CMSIS/Include/cmsis_gcc.h ****   {
 315:Drivers/CMSIS/Include/cmsis_gcc.h ****     return 32U;
 316:Drivers/CMSIS/Include/cmsis_gcc.h ****   }
 317:Drivers/CMSIS/Include/cmsis_gcc.h ****   return __builtin_clz(value);
 318:Drivers/CMSIS/Include/cmsis_gcc.h **** }
 319:Drivers/CMSIS/Include/cmsis_gcc.h **** 
 320:Drivers/CMSIS/Include/cmsis_gcc.h **** 
ARM GAS  C:\Users\Admin\AppData\Local\Temp\ccGVrvTu.s 			page 12


 321:Drivers/CMSIS/Include/cmsis_gcc.h **** #if (__ARM_FEATURE_SAT    >= 1)
 322:Drivers/CMSIS/Include/cmsis_gcc.h **** /**
 323:Drivers/CMSIS/Include/cmsis_gcc.h ****   \brief   Signed Saturate
 324:Drivers/CMSIS/Include/cmsis_gcc.h ****   \details Saturates a signed value.
 325:Drivers/CMSIS/Include/cmsis_gcc.h ****   \param [in]  value  Value to be saturated
 326:Drivers/CMSIS/Include/cmsis_gcc.h ****   \param [in]    sat  Bit position to saturate to (1..32)
 327:Drivers/CMSIS/Include/cmsis_gcc.h ****   \return             Saturated value
 328:Drivers/CMSIS/Include/cmsis_gcc.h ****  */
 329:Drivers/CMSIS/Include/cmsis_gcc.h **** #define __SSAT(value, sat) __ssat(value, sat)
 330:Drivers/CMSIS/Include/cmsis_gcc.h **** 
 331:Drivers/CMSIS/Include/cmsis_gcc.h **** 
 332:Drivers/CMSIS/Include/cmsis_gcc.h **** /**
 333:Drivers/CMSIS/Include/cmsis_gcc.h ****   \brief   Unsigned Saturate
 334:Drivers/CMSIS/Include/cmsis_gcc.h ****   \details Saturates an unsigned value.
 335:Drivers/CMSIS/Include/cmsis_gcc.h ****   \param [in]  value  Value to be saturated
 336:Drivers/CMSIS/Include/cmsis_gcc.h ****   \param [in]    sat  Bit position to saturate to (0..31)
 337:Drivers/CMSIS/Include/cmsis_gcc.h ****   \return             Saturated value
 338:Drivers/CMSIS/Include/cmsis_gcc.h ****  */
 339:Drivers/CMSIS/Include/cmsis_gcc.h **** #define __USAT(value, sat) __usat(value, sat)
 340:Drivers/CMSIS/Include/cmsis_gcc.h **** 
 341:Drivers/CMSIS/Include/cmsis_gcc.h **** #else /* (__ARM_FEATURE_SAT >= 1) */
 342:Drivers/CMSIS/Include/cmsis_gcc.h **** /**
 343:Drivers/CMSIS/Include/cmsis_gcc.h ****   \brief   Signed Saturate
 344:Drivers/CMSIS/Include/cmsis_gcc.h ****   \details Saturates a signed value.
 345:Drivers/CMSIS/Include/cmsis_gcc.h ****   \param [in]  value  Value to be saturated
 346:Drivers/CMSIS/Include/cmsis_gcc.h ****   \param [in]    sat  Bit position to saturate to (1..32)
 347:Drivers/CMSIS/Include/cmsis_gcc.h ****   \return             Saturated value
 348:Drivers/CMSIS/Include/cmsis_gcc.h ****  */
 349:Drivers/CMSIS/Include/cmsis_gcc.h **** __STATIC_FORCEINLINE int32_t __SSAT(int32_t val, uint32_t sat)
 350:Drivers/CMSIS/Include/cmsis_gcc.h **** {
 351:Drivers/CMSIS/Include/cmsis_gcc.h ****   if ((sat >= 1U) && (sat <= 32U))
 352:Drivers/CMSIS/Include/cmsis_gcc.h ****   {
 353:Drivers/CMSIS/Include/cmsis_gcc.h ****     const int32_t max = (int32_t)((1U << (sat - 1U)) - 1U);
 354:Drivers/CMSIS/Include/cmsis_gcc.h ****     const int32_t min = -1 - max ;
 355:Drivers/CMSIS/Include/cmsis_gcc.h ****     if (val > max)
 356:Drivers/CMSIS/Include/cmsis_gcc.h ****     {
 357:Drivers/CMSIS/Include/cmsis_gcc.h ****       return (max);
 358:Drivers/CMSIS/Include/cmsis_gcc.h ****     }
 359:Drivers/CMSIS/Include/cmsis_gcc.h ****     else if (val < min)
 360:Drivers/CMSIS/Include/cmsis_gcc.h ****     {
 361:Drivers/CMSIS/Include/cmsis_gcc.h ****       return (min);
 362:Drivers/CMSIS/Include/cmsis_gcc.h ****     }
 363:Drivers/CMSIS/Include/cmsis_gcc.h ****   }
 364:Drivers/CMSIS/Include/cmsis_gcc.h ****   return (val);
 365:Drivers/CMSIS/Include/cmsis_gcc.h **** }
 366:Drivers/CMSIS/Include/cmsis_gcc.h **** 
 367:Drivers/CMSIS/Include/cmsis_gcc.h **** 
 368:Drivers/CMSIS/Include/cmsis_gcc.h **** /**
 369:Drivers/CMSIS/Include/cmsis_gcc.h ****   \brief   Unsigned Saturate
 370:Drivers/CMSIS/Include/cmsis_gcc.h ****   \details Saturates an unsigned value.
 371:Drivers/CMSIS/Include/cmsis_gcc.h ****   \param [in]  value  Value to be saturated
 372:Drivers/CMSIS/Include/cmsis_gcc.h ****   \param [in]    sat  Bit position to saturate to (0..31)
 373:Drivers/CMSIS/Include/cmsis_gcc.h ****   \return             Saturated value
 374:Drivers/CMSIS/Include/cmsis_gcc.h ****  */
 375:Drivers/CMSIS/Include/cmsis_gcc.h **** __STATIC_FORCEINLINE uint32_t __USAT(int32_t val, uint32_t sat)
 376:Drivers/CMSIS/Include/cmsis_gcc.h **** {
 377:Drivers/CMSIS/Include/cmsis_gcc.h ****   if (sat <= 31U)
ARM GAS  C:\Users\Admin\AppData\Local\Temp\ccGVrvTu.s 			page 13


 378:Drivers/CMSIS/Include/cmsis_gcc.h ****   {
 379:Drivers/CMSIS/Include/cmsis_gcc.h ****     const uint32_t max = ((1U << sat) - 1U);
 380:Drivers/CMSIS/Include/cmsis_gcc.h ****     if (val > (int32_t)max)
 381:Drivers/CMSIS/Include/cmsis_gcc.h ****     {
 382:Drivers/CMSIS/Include/cmsis_gcc.h ****       return (max);
 383:Drivers/CMSIS/Include/cmsis_gcc.h ****     }
 384:Drivers/CMSIS/Include/cmsis_gcc.h ****     else if (val < 0)
 385:Drivers/CMSIS/Include/cmsis_gcc.h ****     {
 386:Drivers/CMSIS/Include/cmsis_gcc.h ****       return (0U);
 387:Drivers/CMSIS/Include/cmsis_gcc.h ****     }
 388:Drivers/CMSIS/Include/cmsis_gcc.h ****   }
 389:Drivers/CMSIS/Include/cmsis_gcc.h ****   return ((uint32_t)val);
 390:Drivers/CMSIS/Include/cmsis_gcc.h **** }
 391:Drivers/CMSIS/Include/cmsis_gcc.h **** #endif /* (__ARM_FEATURE_SAT >= 1) */
 392:Drivers/CMSIS/Include/cmsis_gcc.h **** 
 393:Drivers/CMSIS/Include/cmsis_gcc.h **** 
 394:Drivers/CMSIS/Include/cmsis_gcc.h **** #if (__ARM_FEATURE_LDREX >= 1)
 395:Drivers/CMSIS/Include/cmsis_gcc.h **** /**
 396:Drivers/CMSIS/Include/cmsis_gcc.h ****   \brief   Remove the exclusive lock
 397:Drivers/CMSIS/Include/cmsis_gcc.h ****   \details Removes the exclusive lock which is created by LDREX.
 398:Drivers/CMSIS/Include/cmsis_gcc.h ****  */
 399:Drivers/CMSIS/Include/cmsis_gcc.h **** __STATIC_FORCEINLINE void __CLREX(void)
 400:Drivers/CMSIS/Include/cmsis_gcc.h **** {
 401:Drivers/CMSIS/Include/cmsis_gcc.h ****   __ASM volatile ("clrex" ::: "memory");
 402:Drivers/CMSIS/Include/cmsis_gcc.h **** }
 403:Drivers/CMSIS/Include/cmsis_gcc.h **** 
 404:Drivers/CMSIS/Include/cmsis_gcc.h **** 
 405:Drivers/CMSIS/Include/cmsis_gcc.h **** /**
 406:Drivers/CMSIS/Include/cmsis_gcc.h ****   \brief   LDR Exclusive (8 bit)
 407:Drivers/CMSIS/Include/cmsis_gcc.h ****   \details Executes a exclusive LDR instruction for 8 bit value.
 408:Drivers/CMSIS/Include/cmsis_gcc.h ****   \param [in]    ptr  Pointer to data
 409:Drivers/CMSIS/Include/cmsis_gcc.h ****   \return             value of type uint8_t at (*ptr)
 410:Drivers/CMSIS/Include/cmsis_gcc.h ****  */
 411:Drivers/CMSIS/Include/cmsis_gcc.h **** __STATIC_FORCEINLINE uint8_t __LDREXB(volatile uint8_t *addr)
 412:Drivers/CMSIS/Include/cmsis_gcc.h **** {
 413:Drivers/CMSIS/Include/cmsis_gcc.h ****   uint32_t result;
 414:Drivers/CMSIS/Include/cmsis_gcc.h **** 
 415:Drivers/CMSIS/Include/cmsis_gcc.h ****   __ASM volatile ("ldrexb %0, %1" : "=r" (result) : "Q" (*addr) );
 416:Drivers/CMSIS/Include/cmsis_gcc.h ****   return ((uint8_t) result);    /* Add explicit type cast here */
 417:Drivers/CMSIS/Include/cmsis_gcc.h **** }
 418:Drivers/CMSIS/Include/cmsis_gcc.h **** 
 419:Drivers/CMSIS/Include/cmsis_gcc.h **** 
 420:Drivers/CMSIS/Include/cmsis_gcc.h **** /**
 421:Drivers/CMSIS/Include/cmsis_gcc.h ****   \brief   STR Exclusive (8 bit)
 422:Drivers/CMSIS/Include/cmsis_gcc.h ****   \details Executes a exclusive STR instruction for 8 bit values.
 423:Drivers/CMSIS/Include/cmsis_gcc.h ****   \param [in]  value  Value to store
 424:Drivers/CMSIS/Include/cmsis_gcc.h ****   \param [in]    ptr  Pointer to location
 425:Drivers/CMSIS/Include/cmsis_gcc.h ****   \return          0  Function succeeded
 426:Drivers/CMSIS/Include/cmsis_gcc.h ****   \return          1  Function failed
 427:Drivers/CMSIS/Include/cmsis_gcc.h ****  */
 428:Drivers/CMSIS/Include/cmsis_gcc.h **** __STATIC_FORCEINLINE uint32_t __STREXB(uint8_t value, volatile uint8_t *addr)
 429:Drivers/CMSIS/Include/cmsis_gcc.h **** {
 430:Drivers/CMSIS/Include/cmsis_gcc.h ****   uint32_t result;
 431:Drivers/CMSIS/Include/cmsis_gcc.h **** 
 432:Drivers/CMSIS/Include/cmsis_gcc.h ****   __ASM volatile ("strexb %0, %2, %1" : "=&r" (result), "=Q" (*addr) : "r" ((uint32_t)value) );
 433:Drivers/CMSIS/Include/cmsis_gcc.h ****   return (result);
 434:Drivers/CMSIS/Include/cmsis_gcc.h **** }
ARM GAS  C:\Users\Admin\AppData\Local\Temp\ccGVrvTu.s 			page 14


 435:Drivers/CMSIS/Include/cmsis_gcc.h **** #endif /* (__ARM_FEATURE_LDREX >= 1) */
 436:Drivers/CMSIS/Include/cmsis_gcc.h **** 
 437:Drivers/CMSIS/Include/cmsis_gcc.h **** 
 438:Drivers/CMSIS/Include/cmsis_gcc.h **** #if (__ARM_FEATURE_LDREX >= 2)
 439:Drivers/CMSIS/Include/cmsis_gcc.h **** /**
 440:Drivers/CMSIS/Include/cmsis_gcc.h ****   \brief   LDR Exclusive (16 bit)
 441:Drivers/CMSIS/Include/cmsis_gcc.h ****   \details Executes a exclusive LDR instruction for 16 bit values.
 442:Drivers/CMSIS/Include/cmsis_gcc.h ****   \param [in]    ptr  Pointer to data
 443:Drivers/CMSIS/Include/cmsis_gcc.h ****   \return        value of type uint16_t at (*ptr)
 444:Drivers/CMSIS/Include/cmsis_gcc.h ****  */
 445:Drivers/CMSIS/Include/cmsis_gcc.h **** __STATIC_FORCEINLINE uint16_t __LDREXH(volatile uint16_t *addr)
 446:Drivers/CMSIS/Include/cmsis_gcc.h **** {
 447:Drivers/CMSIS/Include/cmsis_gcc.h ****   uint32_t result;
 448:Drivers/CMSIS/Include/cmsis_gcc.h **** 
 449:Drivers/CMSIS/Include/cmsis_gcc.h ****   __ASM volatile ("ldrexh %0, %1" : "=r" (result) : "Q" (*addr) );
 450:Drivers/CMSIS/Include/cmsis_gcc.h ****   return ((uint16_t)result);    /* Add explicit type cast here */
 451:Drivers/CMSIS/Include/cmsis_gcc.h **** }
 452:Drivers/CMSIS/Include/cmsis_gcc.h **** 
 453:Drivers/CMSIS/Include/cmsis_gcc.h **** 
 454:Drivers/CMSIS/Include/cmsis_gcc.h **** /**
 455:Drivers/CMSIS/Include/cmsis_gcc.h ****   \brief   STR Exclusive (16 bit)
 456:Drivers/CMSIS/Include/cmsis_gcc.h ****   \details Executes a exclusive STR instruction for 16 bit values.
 457:Drivers/CMSIS/Include/cmsis_gcc.h ****   \param [in]  value  Value to store
 458:Drivers/CMSIS/Include/cmsis_gcc.h ****   \param [in]    ptr  Pointer to location
 459:Drivers/CMSIS/Include/cmsis_gcc.h ****   \return          0  Function succeeded
 460:Drivers/CMSIS/Include/cmsis_gcc.h ****   \return          1  Function failed
 461:Drivers/CMSIS/Include/cmsis_gcc.h ****  */
 462:Drivers/CMSIS/Include/cmsis_gcc.h **** __STATIC_FORCEINLINE uint32_t __STREXH(uint16_t value, volatile uint16_t *addr)
 463:Drivers/CMSIS/Include/cmsis_gcc.h **** {
 464:Drivers/CMSIS/Include/cmsis_gcc.h ****   uint32_t result;
 465:Drivers/CMSIS/Include/cmsis_gcc.h **** 
 466:Drivers/CMSIS/Include/cmsis_gcc.h ****   __ASM volatile ("strexh %0, %2, %1" : "=&r" (result), "=Q" (*addr) : "r" ((uint32_t)value) );
 467:Drivers/CMSIS/Include/cmsis_gcc.h ****   return (result);
 468:Drivers/CMSIS/Include/cmsis_gcc.h **** }
 469:Drivers/CMSIS/Include/cmsis_gcc.h **** #endif /* (__ARM_FEATURE_LDREX >= 2) */
 470:Drivers/CMSIS/Include/cmsis_gcc.h **** 
 471:Drivers/CMSIS/Include/cmsis_gcc.h **** 
 472:Drivers/CMSIS/Include/cmsis_gcc.h **** #if (__ARM_FEATURE_LDREX >= 4)
 473:Drivers/CMSIS/Include/cmsis_gcc.h **** /**
 474:Drivers/CMSIS/Include/cmsis_gcc.h ****   \brief   LDR Exclusive (32 bit)
 475:Drivers/CMSIS/Include/cmsis_gcc.h ****   \details Executes a exclusive LDR instruction for 32 bit values.
 476:Drivers/CMSIS/Include/cmsis_gcc.h ****   \param [in]    ptr  Pointer to data
 477:Drivers/CMSIS/Include/cmsis_gcc.h ****   \return        value of type uint32_t at (*ptr)
 478:Drivers/CMSIS/Include/cmsis_gcc.h ****  */
 479:Drivers/CMSIS/Include/cmsis_gcc.h **** __STATIC_FORCEINLINE uint32_t __LDREXW(volatile uint32_t *addr)
 480:Drivers/CMSIS/Include/cmsis_gcc.h **** {
 481:Drivers/CMSIS/Include/cmsis_gcc.h ****   uint32_t result;
 482:Drivers/CMSIS/Include/cmsis_gcc.h **** 
 483:Drivers/CMSIS/Include/cmsis_gcc.h ****   __ASM volatile ("ldrex %0, %1" : "=r" (result) : "Q" (*addr) );
 484:Drivers/CMSIS/Include/cmsis_gcc.h ****   return (result);
 485:Drivers/CMSIS/Include/cmsis_gcc.h **** }
 486:Drivers/CMSIS/Include/cmsis_gcc.h **** 
 487:Drivers/CMSIS/Include/cmsis_gcc.h **** 
 488:Drivers/CMSIS/Include/cmsis_gcc.h **** /**
 489:Drivers/CMSIS/Include/cmsis_gcc.h ****   \brief   STR Exclusive (32 bit)
 490:Drivers/CMSIS/Include/cmsis_gcc.h ****   \details Executes a exclusive STR instruction for 32 bit values.
 491:Drivers/CMSIS/Include/cmsis_gcc.h ****   \param [in]  value  Value to store
ARM GAS  C:\Users\Admin\AppData\Local\Temp\ccGVrvTu.s 			page 15


 492:Drivers/CMSIS/Include/cmsis_gcc.h ****   \param [in]    ptr  Pointer to location
 493:Drivers/CMSIS/Include/cmsis_gcc.h ****   \return          0  Function succeeded
 494:Drivers/CMSIS/Include/cmsis_gcc.h ****   \return          1  Function failed
 495:Drivers/CMSIS/Include/cmsis_gcc.h ****  */
 496:Drivers/CMSIS/Include/cmsis_gcc.h **** __STATIC_FORCEINLINE uint32_t __STREXW(uint32_t value, volatile uint32_t *addr)
 497:Drivers/CMSIS/Include/cmsis_gcc.h **** {
 498:Drivers/CMSIS/Include/cmsis_gcc.h ****   uint32_t result;
 499:Drivers/CMSIS/Include/cmsis_gcc.h **** 
 500:Drivers/CMSIS/Include/cmsis_gcc.h ****   __ASM volatile ("strex %0, %2, %1" : "=&r" (result), "=Q" (*addr) : "r" (value) );
 501:Drivers/CMSIS/Include/cmsis_gcc.h ****   return (result);
 502:Drivers/CMSIS/Include/cmsis_gcc.h **** }
 503:Drivers/CMSIS/Include/cmsis_gcc.h **** #endif /* (__ARM_FEATURE_LDREX >= 4) */
 504:Drivers/CMSIS/Include/cmsis_gcc.h **** 
 505:Drivers/CMSIS/Include/cmsis_gcc.h **** 
 506:Drivers/CMSIS/Include/cmsis_gcc.h **** #if (__ARM_ARCH_ISA_THUMB >= 2)
 507:Drivers/CMSIS/Include/cmsis_gcc.h **** /**
 508:Drivers/CMSIS/Include/cmsis_gcc.h ****   \brief   Rotate Right with Extend (32 bit)
 509:Drivers/CMSIS/Include/cmsis_gcc.h ****   \details Moves each bit of a bitstring right by one bit.
 510:Drivers/CMSIS/Include/cmsis_gcc.h ****            The carry input is shifted in at the left end of the bitstring.
 511:Drivers/CMSIS/Include/cmsis_gcc.h ****   \param [in]    value  Value to rotate
 512:Drivers/CMSIS/Include/cmsis_gcc.h ****   \return               Rotated value
 513:Drivers/CMSIS/Include/cmsis_gcc.h ****  */
 514:Drivers/CMSIS/Include/cmsis_gcc.h **** __STATIC_FORCEINLINE uint32_t __RRX(uint32_t value)
 515:Drivers/CMSIS/Include/cmsis_gcc.h **** {
 516:Drivers/CMSIS/Include/cmsis_gcc.h ****   uint32_t result;
 517:Drivers/CMSIS/Include/cmsis_gcc.h **** 
 518:Drivers/CMSIS/Include/cmsis_gcc.h ****   __ASM volatile ("rrx %0, %1" : "=r" (result) : "r" (value));
 519:Drivers/CMSIS/Include/cmsis_gcc.h ****   return (result);
 520:Drivers/CMSIS/Include/cmsis_gcc.h **** }
 521:Drivers/CMSIS/Include/cmsis_gcc.h **** 
 522:Drivers/CMSIS/Include/cmsis_gcc.h **** 
 523:Drivers/CMSIS/Include/cmsis_gcc.h **** /**
 524:Drivers/CMSIS/Include/cmsis_gcc.h ****   \brief   LDRT Unprivileged (8 bit)
 525:Drivers/CMSIS/Include/cmsis_gcc.h ****   \details Executes a Unprivileged LDRT instruction for 8 bit value.
 526:Drivers/CMSIS/Include/cmsis_gcc.h ****   \param [in]    ptr  Pointer to data
 527:Drivers/CMSIS/Include/cmsis_gcc.h ****   \return             value of type uint8_t at (*ptr)
 528:Drivers/CMSIS/Include/cmsis_gcc.h ****  */
 529:Drivers/CMSIS/Include/cmsis_gcc.h **** __STATIC_FORCEINLINE uint8_t __LDRBT(volatile uint8_t *ptr)
 530:Drivers/CMSIS/Include/cmsis_gcc.h **** {
 531:Drivers/CMSIS/Include/cmsis_gcc.h ****   uint32_t result;
 532:Drivers/CMSIS/Include/cmsis_gcc.h **** 
 533:Drivers/CMSIS/Include/cmsis_gcc.h ****   __ASM volatile ("ldrbt %0, %1" : "=r" (result) : "Q" (*ptr) );
 534:Drivers/CMSIS/Include/cmsis_gcc.h ****   return ((uint8_t)result);    /* Add explicit type cast here */
 535:Drivers/CMSIS/Include/cmsis_gcc.h **** }
 536:Drivers/CMSIS/Include/cmsis_gcc.h **** 
 537:Drivers/CMSIS/Include/cmsis_gcc.h **** 
 538:Drivers/CMSIS/Include/cmsis_gcc.h **** /**
 539:Drivers/CMSIS/Include/cmsis_gcc.h ****   \brief   LDRT Unprivileged (16 bit)
 540:Drivers/CMSIS/Include/cmsis_gcc.h ****   \details Executes a Unprivileged LDRT instruction for 16 bit values.
 541:Drivers/CMSIS/Include/cmsis_gcc.h ****   \param [in]    ptr  Pointer to data
 542:Drivers/CMSIS/Include/cmsis_gcc.h ****   \return        value of type uint16_t at (*ptr)
 543:Drivers/CMSIS/Include/cmsis_gcc.h ****  */
 544:Drivers/CMSIS/Include/cmsis_gcc.h **** __STATIC_FORCEINLINE uint16_t __LDRHT(volatile uint16_t *ptr)
 545:Drivers/CMSIS/Include/cmsis_gcc.h **** {
 546:Drivers/CMSIS/Include/cmsis_gcc.h ****   uint32_t result;
 547:Drivers/CMSIS/Include/cmsis_gcc.h **** 
 548:Drivers/CMSIS/Include/cmsis_gcc.h ****   __ASM volatile ("ldrht %0, %1" : "=r" (result) : "Q" (*ptr) );
ARM GAS  C:\Users\Admin\AppData\Local\Temp\ccGVrvTu.s 			page 16


 549:Drivers/CMSIS/Include/cmsis_gcc.h ****   return ((uint16_t)result);    /* Add explicit type cast here */
 550:Drivers/CMSIS/Include/cmsis_gcc.h **** }
 551:Drivers/CMSIS/Include/cmsis_gcc.h **** 
 552:Drivers/CMSIS/Include/cmsis_gcc.h **** 
 553:Drivers/CMSIS/Include/cmsis_gcc.h **** /**
 554:Drivers/CMSIS/Include/cmsis_gcc.h ****   \brief   LDRT Unprivileged (32 bit)
 555:Drivers/CMSIS/Include/cmsis_gcc.h ****   \details Executes a Unprivileged LDRT instruction for 32 bit values.
 556:Drivers/CMSIS/Include/cmsis_gcc.h ****   \param [in]    ptr  Pointer to data
 557:Drivers/CMSIS/Include/cmsis_gcc.h ****   \return        value of type uint32_t at (*ptr)
 558:Drivers/CMSIS/Include/cmsis_gcc.h ****  */
 559:Drivers/CMSIS/Include/cmsis_gcc.h **** __STATIC_FORCEINLINE uint32_t __LDRT(volatile uint32_t *ptr)
 560:Drivers/CMSIS/Include/cmsis_gcc.h **** {
 561:Drivers/CMSIS/Include/cmsis_gcc.h ****   uint32_t result;
 562:Drivers/CMSIS/Include/cmsis_gcc.h **** 
 563:Drivers/CMSIS/Include/cmsis_gcc.h ****   __ASM volatile ("ldrt %0, %1" : "=r" (result) : "Q" (*ptr) );
 564:Drivers/CMSIS/Include/cmsis_gcc.h ****   return (result);
 565:Drivers/CMSIS/Include/cmsis_gcc.h **** }
 566:Drivers/CMSIS/Include/cmsis_gcc.h **** 
 567:Drivers/CMSIS/Include/cmsis_gcc.h **** 
 568:Drivers/CMSIS/Include/cmsis_gcc.h **** /**
 569:Drivers/CMSIS/Include/cmsis_gcc.h ****   \brief   STRT Unprivileged (8 bit)
 570:Drivers/CMSIS/Include/cmsis_gcc.h ****   \details Executes a Unprivileged STRT instruction for 8 bit values.
 571:Drivers/CMSIS/Include/cmsis_gcc.h ****   \param [in]  value  Value to store
 572:Drivers/CMSIS/Include/cmsis_gcc.h ****   \param [in]    ptr  Pointer to location
 573:Drivers/CMSIS/Include/cmsis_gcc.h ****  */
 574:Drivers/CMSIS/Include/cmsis_gcc.h **** __STATIC_FORCEINLINE void __STRBT(uint8_t value, volatile uint8_t *ptr)
 575:Drivers/CMSIS/Include/cmsis_gcc.h **** {
 576:Drivers/CMSIS/Include/cmsis_gcc.h ****   __ASM volatile ("strbt %1, %0" : "=Q" (*ptr) : "r" ((uint32_t)value) );
 577:Drivers/CMSIS/Include/cmsis_gcc.h **** }
 578:Drivers/CMSIS/Include/cmsis_gcc.h **** 
 579:Drivers/CMSIS/Include/cmsis_gcc.h **** 
 580:Drivers/CMSIS/Include/cmsis_gcc.h **** /**
 581:Drivers/CMSIS/Include/cmsis_gcc.h ****   \brief   STRT Unprivileged (16 bit)
 582:Drivers/CMSIS/Include/cmsis_gcc.h ****   \details Executes a Unprivileged STRT instruction for 16 bit values.
 583:Drivers/CMSIS/Include/cmsis_gcc.h ****   \param [in]  value  Value to store
 584:Drivers/CMSIS/Include/cmsis_gcc.h ****   \param [in]    ptr  Pointer to location
 585:Drivers/CMSIS/Include/cmsis_gcc.h ****  */
 586:Drivers/CMSIS/Include/cmsis_gcc.h **** __STATIC_FORCEINLINE void __STRHT(uint16_t value, volatile uint16_t *ptr)
 587:Drivers/CMSIS/Include/cmsis_gcc.h **** {
 588:Drivers/CMSIS/Include/cmsis_gcc.h ****   __ASM volatile ("strht %1, %0" : "=Q" (*ptr) : "r" ((uint32_t)value) );
 589:Drivers/CMSIS/Include/cmsis_gcc.h **** }
 590:Drivers/CMSIS/Include/cmsis_gcc.h **** 
 591:Drivers/CMSIS/Include/cmsis_gcc.h **** 
 592:Drivers/CMSIS/Include/cmsis_gcc.h **** /**
 593:Drivers/CMSIS/Include/cmsis_gcc.h ****   \brief   STRT Unprivileged (32 bit)
 594:Drivers/CMSIS/Include/cmsis_gcc.h ****   \details Executes a Unprivileged STRT instruction for 32 bit values.
 595:Drivers/CMSIS/Include/cmsis_gcc.h ****   \param [in]  value  Value to store
 596:Drivers/CMSIS/Include/cmsis_gcc.h ****   \param [in]    ptr  Pointer to location
 597:Drivers/CMSIS/Include/cmsis_gcc.h ****  */
 598:Drivers/CMSIS/Include/cmsis_gcc.h **** __STATIC_FORCEINLINE void __STRT(uint32_t value, volatile uint32_t *ptr)
 599:Drivers/CMSIS/Include/cmsis_gcc.h **** {
 600:Drivers/CMSIS/Include/cmsis_gcc.h ****   __ASM volatile ("strt %1, %0" : "=Q" (*ptr) : "r" (value) );
 601:Drivers/CMSIS/Include/cmsis_gcc.h **** }
 602:Drivers/CMSIS/Include/cmsis_gcc.h **** #endif /* (__ARM_ARCH_ISA_THUMB >= 2) */
 603:Drivers/CMSIS/Include/cmsis_gcc.h **** 
 604:Drivers/CMSIS/Include/cmsis_gcc.h **** 
 605:Drivers/CMSIS/Include/cmsis_gcc.h **** #if (__ARM_ARCH >= 8)
ARM GAS  C:\Users\Admin\AppData\Local\Temp\ccGVrvTu.s 			page 17


 606:Drivers/CMSIS/Include/cmsis_gcc.h **** /**
 607:Drivers/CMSIS/Include/cmsis_gcc.h ****   \brief   Load-Acquire (8 bit)
 608:Drivers/CMSIS/Include/cmsis_gcc.h ****   \details Executes a LDAB instruction for 8 bit value.
 609:Drivers/CMSIS/Include/cmsis_gcc.h ****   \param [in]    ptr  Pointer to data
 610:Drivers/CMSIS/Include/cmsis_gcc.h ****   \return             value of type uint8_t at (*ptr)
 611:Drivers/CMSIS/Include/cmsis_gcc.h ****  */
 612:Drivers/CMSIS/Include/cmsis_gcc.h **** __STATIC_FORCEINLINE uint8_t __LDAB(volatile uint8_t *ptr)
 613:Drivers/CMSIS/Include/cmsis_gcc.h **** {
 614:Drivers/CMSIS/Include/cmsis_gcc.h ****   uint32_t result;
 615:Drivers/CMSIS/Include/cmsis_gcc.h **** 
 616:Drivers/CMSIS/Include/cmsis_gcc.h ****   __ASM volatile ("ldab %0, %1" : "=r" (result) : "Q" (*ptr) : "memory" );
 617:Drivers/CMSIS/Include/cmsis_gcc.h ****   return ((uint8_t)result);    /* Add explicit type cast here */
 618:Drivers/CMSIS/Include/cmsis_gcc.h **** }
 619:Drivers/CMSIS/Include/cmsis_gcc.h **** 
 620:Drivers/CMSIS/Include/cmsis_gcc.h **** 
 621:Drivers/CMSIS/Include/cmsis_gcc.h **** /**
 622:Drivers/CMSIS/Include/cmsis_gcc.h ****   \brief   Load-Acquire (16 bit)
 623:Drivers/CMSIS/Include/cmsis_gcc.h ****   \details Executes a LDAH instruction for 16 bit values.
 624:Drivers/CMSIS/Include/cmsis_gcc.h ****   \param [in]    ptr  Pointer to data
 625:Drivers/CMSIS/Include/cmsis_gcc.h ****   \return        value of type uint16_t at (*ptr)
 626:Drivers/CMSIS/Include/cmsis_gcc.h ****  */
 627:Drivers/CMSIS/Include/cmsis_gcc.h **** __STATIC_FORCEINLINE uint16_t __LDAH(volatile uint16_t *ptr)
 628:Drivers/CMSIS/Include/cmsis_gcc.h **** {
 629:Drivers/CMSIS/Include/cmsis_gcc.h ****   uint32_t result;
 630:Drivers/CMSIS/Include/cmsis_gcc.h **** 
 631:Drivers/CMSIS/Include/cmsis_gcc.h ****   __ASM volatile ("ldah %0, %1" : "=r" (result) : "Q" (*ptr) : "memory" );
 632:Drivers/CMSIS/Include/cmsis_gcc.h ****   return ((uint16_t)result);    /* Add explicit type cast here */
 633:Drivers/CMSIS/Include/cmsis_gcc.h **** }
 634:Drivers/CMSIS/Include/cmsis_gcc.h **** 
 635:Drivers/CMSIS/Include/cmsis_gcc.h **** 
 636:Drivers/CMSIS/Include/cmsis_gcc.h **** /**
 637:Drivers/CMSIS/Include/cmsis_gcc.h ****   \brief   Load-Acquire (32 bit)
 638:Drivers/CMSIS/Include/cmsis_gcc.h ****   \details Executes a LDA instruction for 32 bit values.
 639:Drivers/CMSIS/Include/cmsis_gcc.h ****   \param [in]    ptr  Pointer to data
 640:Drivers/CMSIS/Include/cmsis_gcc.h ****   \return        value of type uint32_t at (*ptr)
 641:Drivers/CMSIS/Include/cmsis_gcc.h ****  */
 642:Drivers/CMSIS/Include/cmsis_gcc.h **** __STATIC_FORCEINLINE uint32_t __LDA(volatile uint32_t *ptr)
 643:Drivers/CMSIS/Include/cmsis_gcc.h **** {
 644:Drivers/CMSIS/Include/cmsis_gcc.h ****   uint32_t result;
 645:Drivers/CMSIS/Include/cmsis_gcc.h **** 
 646:Drivers/CMSIS/Include/cmsis_gcc.h ****   __ASM volatile ("lda %0, %1" : "=r" (result) : "Q" (*ptr) : "memory" );
 647:Drivers/CMSIS/Include/cmsis_gcc.h ****   return (result);
 648:Drivers/CMSIS/Include/cmsis_gcc.h **** }
 649:Drivers/CMSIS/Include/cmsis_gcc.h **** 
 650:Drivers/CMSIS/Include/cmsis_gcc.h **** 
 651:Drivers/CMSIS/Include/cmsis_gcc.h **** /**
 652:Drivers/CMSIS/Include/cmsis_gcc.h ****   \brief   Store-Release (8 bit)
 653:Drivers/CMSIS/Include/cmsis_gcc.h ****   \details Executes a STLB instruction for 8 bit values.
 654:Drivers/CMSIS/Include/cmsis_gcc.h ****   \param [in]  value  Value to store
 655:Drivers/CMSIS/Include/cmsis_gcc.h ****   \param [in]    ptr  Pointer to location
 656:Drivers/CMSIS/Include/cmsis_gcc.h ****  */
 657:Drivers/CMSIS/Include/cmsis_gcc.h **** __STATIC_FORCEINLINE void __STLB(uint8_t value, volatile uint8_t *ptr)
 658:Drivers/CMSIS/Include/cmsis_gcc.h **** {
 659:Drivers/CMSIS/Include/cmsis_gcc.h ****   __ASM volatile ("stlb %1, %0" : "=Q" (*ptr) : "r" ((uint32_t)value) : "memory" );
 660:Drivers/CMSIS/Include/cmsis_gcc.h **** }
 661:Drivers/CMSIS/Include/cmsis_gcc.h **** 
 662:Drivers/CMSIS/Include/cmsis_gcc.h **** 
ARM GAS  C:\Users\Admin\AppData\Local\Temp\ccGVrvTu.s 			page 18


 663:Drivers/CMSIS/Include/cmsis_gcc.h **** /**
 664:Drivers/CMSIS/Include/cmsis_gcc.h ****   \brief   Store-Release (16 bit)
 665:Drivers/CMSIS/Include/cmsis_gcc.h ****   \details Executes a STLH instruction for 16 bit values.
 666:Drivers/CMSIS/Include/cmsis_gcc.h ****   \param [in]  value  Value to store
 667:Drivers/CMSIS/Include/cmsis_gcc.h ****   \param [in]    ptr  Pointer to location
 668:Drivers/CMSIS/Include/cmsis_gcc.h ****  */
 669:Drivers/CMSIS/Include/cmsis_gcc.h **** __STATIC_FORCEINLINE void __STLH(uint16_t value, volatile uint16_t *ptr)
 670:Drivers/CMSIS/Include/cmsis_gcc.h **** {
 671:Drivers/CMSIS/Include/cmsis_gcc.h ****   __ASM volatile ("stlh %1, %0" : "=Q" (*ptr) : "r" ((uint32_t)value) : "memory" );
 672:Drivers/CMSIS/Include/cmsis_gcc.h **** }
 673:Drivers/CMSIS/Include/cmsis_gcc.h **** 
 674:Drivers/CMSIS/Include/cmsis_gcc.h **** 
 675:Drivers/CMSIS/Include/cmsis_gcc.h **** /**
 676:Drivers/CMSIS/Include/cmsis_gcc.h ****   \brief   Store-Release (32 bit)
 677:Drivers/CMSIS/Include/cmsis_gcc.h ****   \details Executes a STL instruction for 32 bit values.
 678:Drivers/CMSIS/Include/cmsis_gcc.h ****   \param [in]  value  Value to store
 679:Drivers/CMSIS/Include/cmsis_gcc.h ****   \param [in]    ptr  Pointer to location
 680:Drivers/CMSIS/Include/cmsis_gcc.h ****  */
 681:Drivers/CMSIS/Include/cmsis_gcc.h **** __STATIC_FORCEINLINE void __STL(uint32_t value, volatile uint32_t *ptr)
 682:Drivers/CMSIS/Include/cmsis_gcc.h **** {
 683:Drivers/CMSIS/Include/cmsis_gcc.h ****   __ASM volatile ("stl %1, %0" : "=Q" (*ptr) : "r" ((uint32_t)value) : "memory" );
 684:Drivers/CMSIS/Include/cmsis_gcc.h **** }
 685:Drivers/CMSIS/Include/cmsis_gcc.h **** 
 686:Drivers/CMSIS/Include/cmsis_gcc.h **** 
 687:Drivers/CMSIS/Include/cmsis_gcc.h **** /**
 688:Drivers/CMSIS/Include/cmsis_gcc.h ****   \brief   Load-Acquire Exclusive (8 bit)
 689:Drivers/CMSIS/Include/cmsis_gcc.h ****   \details Executes a LDAB exclusive instruction for 8 bit value.
 690:Drivers/CMSIS/Include/cmsis_gcc.h ****   \param [in]    ptr  Pointer to data
 691:Drivers/CMSIS/Include/cmsis_gcc.h ****   \return             value of type uint8_t at (*ptr)
 692:Drivers/CMSIS/Include/cmsis_gcc.h ****  */
 693:Drivers/CMSIS/Include/cmsis_gcc.h **** __STATIC_FORCEINLINE uint8_t __LDAEXB(volatile uint8_t *ptr)
 694:Drivers/CMSIS/Include/cmsis_gcc.h **** {
 695:Drivers/CMSIS/Include/cmsis_gcc.h ****   uint32_t result;
 696:Drivers/CMSIS/Include/cmsis_gcc.h **** 
 697:Drivers/CMSIS/Include/cmsis_gcc.h ****   __ASM volatile ("ldaexb %0, %1" : "=r" (result) : "Q" (*ptr) : "memory" );
 698:Drivers/CMSIS/Include/cmsis_gcc.h ****   return ((uint8_t)result);    /* Add explicit type cast here */
 699:Drivers/CMSIS/Include/cmsis_gcc.h **** }
 700:Drivers/CMSIS/Include/cmsis_gcc.h **** 
 701:Drivers/CMSIS/Include/cmsis_gcc.h **** 
 702:Drivers/CMSIS/Include/cmsis_gcc.h **** /**
 703:Drivers/CMSIS/Include/cmsis_gcc.h ****   \brief   Load-Acquire Exclusive (16 bit)
 704:Drivers/CMSIS/Include/cmsis_gcc.h ****   \details Executes a LDAH exclusive instruction for 16 bit values.
 705:Drivers/CMSIS/Include/cmsis_gcc.h ****   \param [in]    ptr  Pointer to data
 706:Drivers/CMSIS/Include/cmsis_gcc.h ****   \return        value of type uint16_t at (*ptr)
 707:Drivers/CMSIS/Include/cmsis_gcc.h ****  */
 708:Drivers/CMSIS/Include/cmsis_gcc.h **** __STATIC_FORCEINLINE uint16_t __LDAEXH(volatile uint16_t *ptr)
 709:Drivers/CMSIS/Include/cmsis_gcc.h **** {
 710:Drivers/CMSIS/Include/cmsis_gcc.h ****   uint32_t result;
 711:Drivers/CMSIS/Include/cmsis_gcc.h **** 
 712:Drivers/CMSIS/Include/cmsis_gcc.h ****   __ASM volatile ("ldaexh %0, %1" : "=r" (result) : "Q" (*ptr) : "memory" );
 713:Drivers/CMSIS/Include/cmsis_gcc.h ****   return ((uint16_t)result);    /* Add explicit type cast here */
 714:Drivers/CMSIS/Include/cmsis_gcc.h **** }
 715:Drivers/CMSIS/Include/cmsis_gcc.h **** 
 716:Drivers/CMSIS/Include/cmsis_gcc.h **** 
 717:Drivers/CMSIS/Include/cmsis_gcc.h **** /**
 718:Drivers/CMSIS/Include/cmsis_gcc.h ****   \brief   Load-Acquire Exclusive (32 bit)
 719:Drivers/CMSIS/Include/cmsis_gcc.h ****   \details Executes a LDA exclusive instruction for 32 bit values.
ARM GAS  C:\Users\Admin\AppData\Local\Temp\ccGVrvTu.s 			page 19


 720:Drivers/CMSIS/Include/cmsis_gcc.h ****   \param [in]    ptr  Pointer to data
 721:Drivers/CMSIS/Include/cmsis_gcc.h ****   \return        value of type uint32_t at (*ptr)
 722:Drivers/CMSIS/Include/cmsis_gcc.h ****  */
 723:Drivers/CMSIS/Include/cmsis_gcc.h **** __STATIC_FORCEINLINE uint32_t __LDAEX(volatile uint32_t *ptr)
 724:Drivers/CMSIS/Include/cmsis_gcc.h **** {
 725:Drivers/CMSIS/Include/cmsis_gcc.h ****   uint32_t result;
 726:Drivers/CMSIS/Include/cmsis_gcc.h **** 
 727:Drivers/CMSIS/Include/cmsis_gcc.h ****   __ASM volatile ("ldaex %0, %1" : "=r" (result) : "Q" (*ptr) : "memory" );
 728:Drivers/CMSIS/Include/cmsis_gcc.h ****   return (result);
 729:Drivers/CMSIS/Include/cmsis_gcc.h **** }
 730:Drivers/CMSIS/Include/cmsis_gcc.h **** 
 731:Drivers/CMSIS/Include/cmsis_gcc.h **** 
 732:Drivers/CMSIS/Include/cmsis_gcc.h **** /**
 733:Drivers/CMSIS/Include/cmsis_gcc.h ****   \brief   Store-Release Exclusive (8 bit)
 734:Drivers/CMSIS/Include/cmsis_gcc.h ****   \details Executes a STLB exclusive instruction for 8 bit values.
 735:Drivers/CMSIS/Include/cmsis_gcc.h ****   \param [in]  value  Value to store
 736:Drivers/CMSIS/Include/cmsis_gcc.h ****   \param [in]    ptr  Pointer to location
 737:Drivers/CMSIS/Include/cmsis_gcc.h ****   \return          0  Function succeeded
 738:Drivers/CMSIS/Include/cmsis_gcc.h ****   \return          1  Function failed
 739:Drivers/CMSIS/Include/cmsis_gcc.h ****  */
 740:Drivers/CMSIS/Include/cmsis_gcc.h **** __STATIC_FORCEINLINE uint32_t __STLEXB(uint8_t value, volatile uint8_t *ptr)
 741:Drivers/CMSIS/Include/cmsis_gcc.h **** {
 742:Drivers/CMSIS/Include/cmsis_gcc.h ****   uint32_t result;
 743:Drivers/CMSIS/Include/cmsis_gcc.h **** 
 744:Drivers/CMSIS/Include/cmsis_gcc.h ****   __ASM volatile ("stlexb %0, %2, %1" : "=&r" (result), "=Q" (*ptr) : "r" ((uint32_t)value) : "memo
 745:Drivers/CMSIS/Include/cmsis_gcc.h ****   return (result);
 746:Drivers/CMSIS/Include/cmsis_gcc.h **** }
 747:Drivers/CMSIS/Include/cmsis_gcc.h **** 
 748:Drivers/CMSIS/Include/cmsis_gcc.h **** 
 749:Drivers/CMSIS/Include/cmsis_gcc.h **** /**
 750:Drivers/CMSIS/Include/cmsis_gcc.h ****   \brief   Store-Release Exclusive (16 bit)
 751:Drivers/CMSIS/Include/cmsis_gcc.h ****   \details Executes a STLH exclusive instruction for 16 bit values.
 752:Drivers/CMSIS/Include/cmsis_gcc.h ****   \param [in]  value  Value to store
 753:Drivers/CMSIS/Include/cmsis_gcc.h ****   \param [in]    ptr  Pointer to location
 754:Drivers/CMSIS/Include/cmsis_gcc.h ****   \return          0  Function succeeded
 755:Drivers/CMSIS/Include/cmsis_gcc.h ****   \return          1  Function failed
 756:Drivers/CMSIS/Include/cmsis_gcc.h ****  */
 757:Drivers/CMSIS/Include/cmsis_gcc.h **** __STATIC_FORCEINLINE uint32_t __STLEXH(uint16_t value, volatile uint16_t *ptr)
 758:Drivers/CMSIS/Include/cmsis_gcc.h **** {
 759:Drivers/CMSIS/Include/cmsis_gcc.h ****   uint32_t result;
 760:Drivers/CMSIS/Include/cmsis_gcc.h **** 
 761:Drivers/CMSIS/Include/cmsis_gcc.h ****   __ASM volatile ("stlexh %0, %2, %1" : "=&r" (result), "=Q" (*ptr) : "r" ((uint32_t)value) : "memo
 762:Drivers/CMSIS/Include/cmsis_gcc.h ****   return (result);
 763:Drivers/CMSIS/Include/cmsis_gcc.h **** }
 764:Drivers/CMSIS/Include/cmsis_gcc.h **** 
 765:Drivers/CMSIS/Include/cmsis_gcc.h **** 
 766:Drivers/CMSIS/Include/cmsis_gcc.h **** /**
 767:Drivers/CMSIS/Include/cmsis_gcc.h ****   \brief   Store-Release Exclusive (32 bit)
 768:Drivers/CMSIS/Include/cmsis_gcc.h ****   \details Executes a STL exclusive instruction for 32 bit values.
 769:Drivers/CMSIS/Include/cmsis_gcc.h ****   \param [in]  value  Value to store
 770:Drivers/CMSIS/Include/cmsis_gcc.h ****   \param [in]    ptr  Pointer to location
 771:Drivers/CMSIS/Include/cmsis_gcc.h ****   \return          0  Function succeeded
 772:Drivers/CMSIS/Include/cmsis_gcc.h ****   \return          1  Function failed
 773:Drivers/CMSIS/Include/cmsis_gcc.h ****  */
 774:Drivers/CMSIS/Include/cmsis_gcc.h **** __STATIC_FORCEINLINE uint32_t __STLEX(uint32_t value, volatile uint32_t *ptr)
 775:Drivers/CMSIS/Include/cmsis_gcc.h **** {
 776:Drivers/CMSIS/Include/cmsis_gcc.h ****   uint32_t result;
ARM GAS  C:\Users\Admin\AppData\Local\Temp\ccGVrvTu.s 			page 20


 777:Drivers/CMSIS/Include/cmsis_gcc.h **** 
 778:Drivers/CMSIS/Include/cmsis_gcc.h ****   __ASM volatile ("stlex %0, %2, %1" : "=&r" (result), "=Q" (*ptr) : "r" ((uint32_t)value) : "memor
 779:Drivers/CMSIS/Include/cmsis_gcc.h ****   return (result);
 780:Drivers/CMSIS/Include/cmsis_gcc.h **** }
 781:Drivers/CMSIS/Include/cmsis_gcc.h **** 
 782:Drivers/CMSIS/Include/cmsis_gcc.h **** #endif /* (__ARM_ARCH >= 8) */
 783:Drivers/CMSIS/Include/cmsis_gcc.h **** 
 784:Drivers/CMSIS/Include/cmsis_gcc.h **** /** @}*/ /* end of group CMSIS_Core_InstructionInterface */
 785:Drivers/CMSIS/Include/cmsis_gcc.h **** 
 786:Drivers/CMSIS/Include/cmsis_gcc.h **** 
 787:Drivers/CMSIS/Include/cmsis_gcc.h **** /* ###########################  Core Function Access  ########################### */
 788:Drivers/CMSIS/Include/cmsis_gcc.h **** /** \ingroup  CMSIS_Core_FunctionInterface
 789:Drivers/CMSIS/Include/cmsis_gcc.h ****     \defgroup CMSIS_Core_RegAccFunctions CMSIS Core Register Access Functions
 790:Drivers/CMSIS/Include/cmsis_gcc.h ****   @{
 791:Drivers/CMSIS/Include/cmsis_gcc.h ****  */
 792:Drivers/CMSIS/Include/cmsis_gcc.h **** 
 793:Drivers/CMSIS/Include/cmsis_gcc.h **** /**
 794:Drivers/CMSIS/Include/cmsis_gcc.h ****   \brief   Enable IRQ Interrupts
 795:Drivers/CMSIS/Include/cmsis_gcc.h ****   \details Enables IRQ interrupts by clearing special-purpose register PRIMASK.
 796:Drivers/CMSIS/Include/cmsis_gcc.h ****            Can only be executed in Privileged modes.
 797:Drivers/CMSIS/Include/cmsis_gcc.h ****  */
 798:Drivers/CMSIS/Include/cmsis_gcc.h **** __STATIC_FORCEINLINE void __enable_irq(void)
 799:Drivers/CMSIS/Include/cmsis_gcc.h **** {
 800:Drivers/CMSIS/Include/cmsis_gcc.h ****   __ASM volatile ("cpsie i" : : : "memory");
 801:Drivers/CMSIS/Include/cmsis_gcc.h **** }
 802:Drivers/CMSIS/Include/cmsis_gcc.h **** 
 803:Drivers/CMSIS/Include/cmsis_gcc.h **** 
 804:Drivers/CMSIS/Include/cmsis_gcc.h **** /**
 805:Drivers/CMSIS/Include/cmsis_gcc.h ****   \brief   Disable IRQ Interrupts
 806:Drivers/CMSIS/Include/cmsis_gcc.h ****   \details Disables IRQ interrupts by setting special-purpose register PRIMASK.
 807:Drivers/CMSIS/Include/cmsis_gcc.h ****            Can only be executed in Privileged modes.
 808:Drivers/CMSIS/Include/cmsis_gcc.h ****  */
 809:Drivers/CMSIS/Include/cmsis_gcc.h **** __STATIC_FORCEINLINE void __disable_irq(void)
 157              		.loc 2 809 27 view .LVU34
 158              	.LBB8:
 810:Drivers/CMSIS/Include/cmsis_gcc.h **** {
 811:Drivers/CMSIS/Include/cmsis_gcc.h ****   __ASM volatile ("cpsid i" : : : "memory");
 159              		.loc 2 811 3 view .LVU35
 160              		.syntax unified
 161              	@ 811 "Drivers/CMSIS/Include/cmsis_gcc.h" 1
 162 0000 72B6     		cpsid i
 163              	@ 0 "" 2
 164              		.thumb
 165              		.syntax unified
 166              	.L6:
 167              	.LBE8:
 168              	.LBE7:
 155:Core/Src/main.c ****   while (1)
 169              		.loc 1 155 3 view .LVU36
 156:Core/Src/main.c ****   {
 157:Core/Src/main.c ****     /* Stay here on error */
 158:Core/Src/main.c ****   }
 170              		.loc 1 158 3 view .LVU37
 155:Core/Src/main.c ****   while (1)
 171              		.loc 1 155 9 view .LVU38
 172 0002 FEE7     		b	.L6
 173              		.cfi_endproc
ARM GAS  C:\Users\Admin\AppData\Local\Temp\ccGVrvTu.s 			page 21


 174              	.LFE163:
 176              		.section	.text.SystemClock_Config,"ax",%progbits
 177              		.align	1
 178              		.global	SystemClock_Config
 179              		.syntax unified
 180              		.thumb
 181              		.thumb_func
 183              	SystemClock_Config:
 184              	.LFB161:
  76:Core/Src/main.c ****   RCC_OscInitTypeDef RCC_OscInitStruct = {0};
 185              		.loc 1 76 1 view -0
 186              		.cfi_startproc
 187              		@ args = 0, pretend = 0, frame = 80
 188              		@ frame_needed = 0, uses_anonymous_args = 0
 189 0000 00B5     		push	{lr}
 190              	.LCFI3:
 191              		.cfi_def_cfa_offset 4
 192              		.cfi_offset 14, -4
 193 0002 95B0     		sub	sp, sp, #84
 194              	.LCFI4:
 195              		.cfi_def_cfa_offset 88
  77:Core/Src/main.c ****   RCC_ClkInitTypeDef RCC_ClkInitStruct = {0};
 196              		.loc 1 77 3 view .LVU40
  77:Core/Src/main.c ****   RCC_ClkInitTypeDef RCC_ClkInitStruct = {0};
 197              		.loc 1 77 22 is_stmt 0 view .LVU41
 198 0004 3022     		movs	r2, #48
 199 0006 0021     		movs	r1, #0
 200 0008 08A8     		add	r0, sp, #32
 201 000a FFF7FEFF 		bl	memset
 202              	.LVL2:
  78:Core/Src/main.c **** 
 203              		.loc 1 78 3 is_stmt 1 view .LVU42
  78:Core/Src/main.c **** 
 204              		.loc 1 78 22 is_stmt 0 view .LVU43
 205 000e 0023     		movs	r3, #0
 206 0010 0393     		str	r3, [sp, #12]
 207 0012 0493     		str	r3, [sp, #16]
 208 0014 0593     		str	r3, [sp, #20]
 209 0016 0693     		str	r3, [sp, #24]
 210 0018 0793     		str	r3, [sp, #28]
  81:Core/Src/main.c ****   __HAL_PWR_VOLTAGESCALING_CONFIG(PWR_REGULATOR_VOLTAGE_SCALE2);
 211              		.loc 1 81 3 is_stmt 1 view .LVU44
 212              	.LBB9:
  81:Core/Src/main.c ****   __HAL_PWR_VOLTAGESCALING_CONFIG(PWR_REGULATOR_VOLTAGE_SCALE2);
 213              		.loc 1 81 3 view .LVU45
 214 001a 0193     		str	r3, [sp, #4]
  81:Core/Src/main.c ****   __HAL_PWR_VOLTAGESCALING_CONFIG(PWR_REGULATOR_VOLTAGE_SCALE2);
 215              		.loc 1 81 3 view .LVU46
 216 001c 214A     		ldr	r2, .L13
 217 001e 116C     		ldr	r1, [r2, #64]
 218 0020 41F08051 		orr	r1, r1, #268435456
 219 0024 1164     		str	r1, [r2, #64]
  81:Core/Src/main.c ****   __HAL_PWR_VOLTAGESCALING_CONFIG(PWR_REGULATOR_VOLTAGE_SCALE2);
 220              		.loc 1 81 3 view .LVU47
 221 0026 126C     		ldr	r2, [r2, #64]
 222 0028 02F08052 		and	r2, r2, #268435456
 223 002c 0192     		str	r2, [sp, #4]
ARM GAS  C:\Users\Admin\AppData\Local\Temp\ccGVrvTu.s 			page 22


  81:Core/Src/main.c ****   __HAL_PWR_VOLTAGESCALING_CONFIG(PWR_REGULATOR_VOLTAGE_SCALE2);
 224              		.loc 1 81 3 view .LVU48
 225 002e 019A     		ldr	r2, [sp, #4]
 226              	.LBE9:
  81:Core/Src/main.c ****   __HAL_PWR_VOLTAGESCALING_CONFIG(PWR_REGULATOR_VOLTAGE_SCALE2);
 227              		.loc 1 81 3 view .LVU49
  82:Core/Src/main.c **** 
 228              		.loc 1 82 3 view .LVU50
 229              	.LBB10:
  82:Core/Src/main.c **** 
 230              		.loc 1 82 3 view .LVU51
 231 0030 0293     		str	r3, [sp, #8]
  82:Core/Src/main.c **** 
 232              		.loc 1 82 3 view .LVU52
 233 0032 1D4A     		ldr	r2, .L13+4
 234 0034 1368     		ldr	r3, [r2]
 235 0036 23F44043 		bic	r3, r3, #49152
 236 003a 43F40043 		orr	r3, r3, #32768
 237 003e 1360     		str	r3, [r2]
  82:Core/Src/main.c **** 
 238              		.loc 1 82 3 view .LVU53
 239 0040 1368     		ldr	r3, [r2]
 240 0042 03F44043 		and	r3, r3, #49152
 241 0046 0293     		str	r3, [sp, #8]
  82:Core/Src/main.c **** 
 242              		.loc 1 82 3 view .LVU54
 243 0048 029B     		ldr	r3, [sp, #8]
 244              	.LBE10:
  82:Core/Src/main.c **** 
 245              		.loc 1 82 3 view .LVU55
  88:Core/Src/main.c ****   RCC_OscInitStruct.HSEState = RCC_HSE_ON;
 246              		.loc 1 88 3 view .LVU56
  88:Core/Src/main.c ****   RCC_OscInitStruct.HSEState = RCC_HSE_ON;
 247              		.loc 1 88 36 is_stmt 0 view .LVU57
 248 004a 0123     		movs	r3, #1
 249 004c 0893     		str	r3, [sp, #32]
  89:Core/Src/main.c ****   RCC_OscInitStruct.PLL.PLLState = RCC_PLL_ON;
 250              		.loc 1 89 3 is_stmt 1 view .LVU58
  89:Core/Src/main.c ****   RCC_OscInitStruct.PLL.PLLState = RCC_PLL_ON;
 251              		.loc 1 89 30 is_stmt 0 view .LVU59
 252 004e 4FF48033 		mov	r3, #65536
 253 0052 0993     		str	r3, [sp, #36]
  90:Core/Src/main.c ****   RCC_OscInitStruct.PLL.PLLSource = RCC_PLLSOURCE_HSE;
 254              		.loc 1 90 3 is_stmt 1 view .LVU60
  90:Core/Src/main.c ****   RCC_OscInitStruct.PLL.PLLSource = RCC_PLLSOURCE_HSE;
 255              		.loc 1 90 34 is_stmt 0 view .LVU61
 256 0054 0223     		movs	r3, #2
 257 0056 0E93     		str	r3, [sp, #56]
  91:Core/Src/main.c ****   RCC_OscInitStruct.PLL.PLLM = 25;
 258              		.loc 1 91 3 is_stmt 1 view .LVU62
  91:Core/Src/main.c ****   RCC_OscInitStruct.PLL.PLLM = 25;
 259              		.loc 1 91 35 is_stmt 0 view .LVU63
 260 0058 4FF48003 		mov	r3, #4194304
 261 005c 0F93     		str	r3, [sp, #60]
  92:Core/Src/main.c ****   RCC_OscInitStruct.PLL.PLLN = 336;
 262              		.loc 1 92 3 is_stmt 1 view .LVU64
  92:Core/Src/main.c ****   RCC_OscInitStruct.PLL.PLLN = 336;
ARM GAS  C:\Users\Admin\AppData\Local\Temp\ccGVrvTu.s 			page 23


 263              		.loc 1 92 30 is_stmt 0 view .LVU65
 264 005e 1923     		movs	r3, #25
 265 0060 1093     		str	r3, [sp, #64]
  93:Core/Src/main.c ****   RCC_OscInitStruct.PLL.PLLP = RCC_PLLP_DIV4;
 266              		.loc 1 93 3 is_stmt 1 view .LVU66
  93:Core/Src/main.c ****   RCC_OscInitStruct.PLL.PLLP = RCC_PLLP_DIV4;
 267              		.loc 1 93 30 is_stmt 0 view .LVU67
 268 0062 4FF4A873 		mov	r3, #336
 269 0066 1193     		str	r3, [sp, #68]
  94:Core/Src/main.c ****   RCC_OscInitStruct.PLL.PLLQ = 7;
 270              		.loc 1 94 3 is_stmt 1 view .LVU68
  94:Core/Src/main.c ****   RCC_OscInitStruct.PLL.PLLQ = 7;
 271              		.loc 1 94 30 is_stmt 0 view .LVU69
 272 0068 0423     		movs	r3, #4
 273 006a 1293     		str	r3, [sp, #72]
  95:Core/Src/main.c ****   if (HAL_RCC_OscConfig(&RCC_OscInitStruct) != HAL_OK)
 274              		.loc 1 95 3 is_stmt 1 view .LVU70
  95:Core/Src/main.c ****   if (HAL_RCC_OscConfig(&RCC_OscInitStruct) != HAL_OK)
 275              		.loc 1 95 30 is_stmt 0 view .LVU71
 276 006c 0723     		movs	r3, #7
 277 006e 1393     		str	r3, [sp, #76]
  96:Core/Src/main.c ****   {
 278              		.loc 1 96 3 is_stmt 1 view .LVU72
  96:Core/Src/main.c ****   {
 279              		.loc 1 96 7 is_stmt 0 view .LVU73
 280 0070 08A8     		add	r0, sp, #32
 281 0072 FFF7FEFF 		bl	HAL_RCC_OscConfig
 282              	.LVL3:
  96:Core/Src/main.c ****   {
 283              		.loc 1 96 6 discriminator 1 view .LVU74
 284 0076 80B9     		cbnz	r0, .L11
 102:Core/Src/main.c ****                               | RCC_CLOCKTYPE_PCLK1 | RCC_CLOCKTYPE_PCLK2;
 285              		.loc 1 102 3 is_stmt 1 view .LVU75
 102:Core/Src/main.c ****                               | RCC_CLOCKTYPE_PCLK1 | RCC_CLOCKTYPE_PCLK2;
 286              		.loc 1 102 31 is_stmt 0 view .LVU76
 287 0078 0F23     		movs	r3, #15
 288 007a 0393     		str	r3, [sp, #12]
 104:Core/Src/main.c ****   RCC_ClkInitStruct.AHBCLKDivider = RCC_SYSCLK_DIV1;
 289              		.loc 1 104 3 is_stmt 1 view .LVU77
 104:Core/Src/main.c ****   RCC_ClkInitStruct.AHBCLKDivider = RCC_SYSCLK_DIV1;
 290              		.loc 1 104 34 is_stmt 0 view .LVU78
 291 007c 0221     		movs	r1, #2
 292 007e 0491     		str	r1, [sp, #16]
 105:Core/Src/main.c ****   RCC_ClkInitStruct.APB1CLKDivider = RCC_HCLK_DIV2;
 293              		.loc 1 105 3 is_stmt 1 view .LVU79
 105:Core/Src/main.c ****   RCC_ClkInitStruct.APB1CLKDivider = RCC_HCLK_DIV2;
 294              		.loc 1 105 35 is_stmt 0 view .LVU80
 295 0080 0023     		movs	r3, #0
 296 0082 0593     		str	r3, [sp, #20]
 106:Core/Src/main.c ****   RCC_ClkInitStruct.APB2CLKDivider = RCC_HCLK_DIV1;
 297              		.loc 1 106 3 is_stmt 1 view .LVU81
 106:Core/Src/main.c ****   RCC_ClkInitStruct.APB2CLKDivider = RCC_HCLK_DIV1;
 298              		.loc 1 106 36 is_stmt 0 view .LVU82
 299 0084 4FF48052 		mov	r2, #4096
 300 0088 0692     		str	r2, [sp, #24]
 107:Core/Src/main.c **** 
 301              		.loc 1 107 3 is_stmt 1 view .LVU83
ARM GAS  C:\Users\Admin\AppData\Local\Temp\ccGVrvTu.s 			page 24


 107:Core/Src/main.c **** 
 302              		.loc 1 107 36 is_stmt 0 view .LVU84
 303 008a 0793     		str	r3, [sp, #28]
 110:Core/Src/main.c ****   {
 304              		.loc 1 110 3 is_stmt 1 view .LVU85
 110:Core/Src/main.c ****   {
 305              		.loc 1 110 7 is_stmt 0 view .LVU86
 306 008c 03A8     		add	r0, sp, #12
 307 008e FFF7FEFF 		bl	HAL_RCC_ClockConfig
 308              	.LVL4:
 110:Core/Src/main.c ****   {
 309              		.loc 1 110 6 discriminator 1 view .LVU87
 310 0092 20B9     		cbnz	r0, .L12
 114:Core/Src/main.c **** 
 311              		.loc 1 114 1 view .LVU88
 312 0094 15B0     		add	sp, sp, #84
 313              	.LCFI5:
 314              		.cfi_remember_state
 315              		.cfi_def_cfa_offset 4
 316              		@ sp needed
 317 0096 5DF804FB 		ldr	pc, [sp], #4
 318              	.L11:
 319              	.LCFI6:
 320              		.cfi_restore_state
  98:Core/Src/main.c ****   }
 321              		.loc 1 98 5 is_stmt 1 view .LVU89
 322 009a FFF7FEFF 		bl	Error_Handler
 323              	.LVL5:
 324              	.L12:
 112:Core/Src/main.c ****   }
 325              		.loc 1 112 5 view .LVU90
 326 009e FFF7FEFF 		bl	Error_Handler
 327              	.LVL6:
 328              	.L14:
 329 00a2 00BF     		.align	2
 330              	.L13:
 331 00a4 00380240 		.word	1073887232
 332 00a8 00700040 		.word	1073770496
 333              		.cfi_endproc
 334              	.LFE161:
 336              		.section	.text.main,"ax",%progbits
 337              		.align	1
 338              		.global	main
 339              		.syntax unified
 340              		.thumb
 341              		.thumb_func
 343              	main:
 344              	.LFB160:
  29:Core/Src/main.c ****   /* MCU Configuration--------------------------------------------------------*/
 345              		.loc 1 29 1 view -0
 346              		.cfi_startproc
 347              		@ Volatile: function does not return.
 348              		@ args = 0, pretend = 0, frame = 0
 349              		@ frame_needed = 0, uses_anonymous_args = 0
 350 0000 08B5     		push	{r3, lr}
 351              	.LCFI7:
 352              		.cfi_def_cfa_offset 8
ARM GAS  C:\Users\Admin\AppData\Local\Temp\ccGVrvTu.s 			page 25


 353              		.cfi_offset 3, -8
 354              		.cfi_offset 14, -4
  33:Core/Src/main.c **** 
 355              		.loc 1 33 3 view .LVU92
 356 0002 FFF7FEFF 		bl	HAL_Init
 357              	.LVL7:
  36:Core/Src/main.c **** 
 358              		.loc 1 36 3 view .LVU93
 359 0006 FFF7FEFF 		bl	SystemClock_Config
 360              	.LVL8:
  39:Core/Src/main.c **** 
 361              		.loc 1 39 3 view .LVU94
 362 000a FFF7FEFF 		bl	MX_GPIO_Init
 363              	.LVL9:
 364              	.L16:
  42:Core/Src/main.c ****   {
 365              		.loc 1 42 3 view .LVU95
  51:Core/Src/main.c ****     HAL_Delay(500);
 366              		.loc 1 51 5 view .LVU96
 367 000e 0B4C     		ldr	r4, .L18
 368 0010 0022     		movs	r2, #0
 369 0012 4FF40051 		mov	r1, #8192
 370 0016 2046     		mov	r0, r4
 371 0018 FFF7FEFF 		bl	HAL_GPIO_WritePin
 372              	.LVL10:
  52:Core/Src/main.c **** 
 373              		.loc 1 52 5 view .LVU97
 374 001c 4FF4FA70 		mov	r0, #500
 375 0020 FFF7FEFF 		bl	HAL_Delay
 376              	.LVL11:
  55:Core/Src/main.c ****     HAL_Delay(500);
 377              		.loc 1 55 5 view .LVU98
 378 0024 0122     		movs	r2, #1
 379 0026 4FF40051 		mov	r1, #8192
 380 002a 2046     		mov	r0, r4
 381 002c FFF7FEFF 		bl	HAL_GPIO_WritePin
 382              	.LVL12:
  56:Core/Src/main.c ****   }
 383              		.loc 1 56 5 discriminator 1 view .LVU99
 384 0030 4FF4FA70 		mov	r0, #500
 385 0034 FFF7FEFF 		bl	HAL_Delay
 386              	.LVL13:
  42:Core/Src/main.c ****   {
 387              		.loc 1 42 9 view .LVU100
 388 0038 E9E7     		b	.L16
 389              	.L19:
 390 003a 00BF     		.align	2
 391              	.L18:
 392 003c 00080240 		.word	1073874944
 393              		.cfi_endproc
 394              	.LFE160:
 396              		.text
 397              	.Letext0:
 398              		.file 3 "C:/msys64/mingw64/arm-none-eabi/include/machine/_default_types.h"
 399              		.file 4 "C:/msys64/mingw64/arm-none-eabi/include/sys/_stdint.h"
 400              		.file 5 "Drivers/CMSIS/Device/ST/STM32F4xx/Include/stm32f401xc.h"
 401              		.file 6 "Drivers/STM32F4xx_HAL_Driver/Inc/stm32f4xx_hal_def.h"
ARM GAS  C:\Users\Admin\AppData\Local\Temp\ccGVrvTu.s 			page 26


 402              		.file 7 "Drivers/STM32F4xx_HAL_Driver/Inc/stm32f4xx_hal_rcc_ex.h"
 403              		.file 8 "Drivers/STM32F4xx_HAL_Driver/Inc/stm32f4xx_hal_rcc.h"
 404              		.file 9 "Drivers/STM32F4xx_HAL_Driver/Inc/stm32f4xx_hal_gpio.h"
 405              		.file 10 "Drivers/STM32F4xx_HAL_Driver/Inc/stm32f4xx_hal.h"
 406              		.file 11 "<built-in>"
ARM GAS  C:\Users\Admin\AppData\Local\Temp\ccGVrvTu.s 			page 27


DEFINED SYMBOLS
                            *ABS*:00000000 main.c
C:\Users\Admin\AppData\Local\Temp\ccGVrvTu.s:21     .text.MX_GPIO_Init:00000000 $t
C:\Users\Admin\AppData\Local\Temp\ccGVrvTu.s:26     .text.MX_GPIO_Init:00000000 MX_GPIO_Init
C:\Users\Admin\AppData\Local\Temp\ccGVrvTu.s:133    .text.MX_GPIO_Init:00000078 $d
C:\Users\Admin\AppData\Local\Temp\ccGVrvTu.s:139    .text.Error_Handler:00000000 $t
C:\Users\Admin\AppData\Local\Temp\ccGVrvTu.s:145    .text.Error_Handler:00000000 Error_Handler
C:\Users\Admin\AppData\Local\Temp\ccGVrvTu.s:177    .text.SystemClock_Config:00000000 $t
C:\Users\Admin\AppData\Local\Temp\ccGVrvTu.s:183    .text.SystemClock_Config:00000000 SystemClock_Config
C:\Users\Admin\AppData\Local\Temp\ccGVrvTu.s:331    .text.SystemClock_Config:000000a4 $d
C:\Users\Admin\AppData\Local\Temp\ccGVrvTu.s:337    .text.main:00000000 $t
C:\Users\Admin\AppData\Local\Temp\ccGVrvTu.s:343    .text.main:00000000 main
C:\Users\Admin\AppData\Local\Temp\ccGVrvTu.s:392    .text.main:0000003c $d

UNDEFINED SYMBOLS
HAL_GPIO_WritePin
HAL_GPIO_Init
memset
HAL_RCC_OscConfig
HAL_RCC_ClockConfig
HAL_Init
HAL_Delay
