ARM GAS  C:\Users\Admin\AppData\Local\Temp\ccIi5l2D.s 			page 1


   1              		.cpu cortex-m4
   2              		.arch armv7e-m
   3              		.fpu fpv4-sp-d16
   4              		.eabi_attribute 27, 1
   5              		.eabi_attribute 28, 1
   6              		.eabi_attribute 20, 1
   7              		.eabi_attribute 21, 1
   8              		.eabi_attribute 23, 3
   9              		.eabi_attribute 24, 1
  10              		.eabi_attribute 25, 1
  11              		.eabi_attribute 26, 1
  12              		.eabi_attribute 30, 1
  13              		.eabi_attribute 34, 1
  14              		.eabi_attribute 18, 4
  15              		.file	"stm32f4xx_hal_msp.c"
  16              		.text
  17              	.Ltext0:
  18              		.cfi_sections	.debug_frame
  19              		.file 1 "Core/Src/stm32f4xx_hal_msp.c"
  20              		.section	.text.HAL_MspInit,"ax",%progbits
  21              		.align	1
  22              		.global	HAL_MspInit
  23              		.syntax unified
  24              		.thumb
  25              		.thumb_func
  27              	HAL_MspInit:
  28              	.LFB160:
   1:Core/Src/stm32f4xx_hal_msp.c **** /* USER CODE BEGIN Header */
   2:Core/Src/stm32f4xx_hal_msp.c **** /**
   3:Core/Src/stm32f4xx_hal_msp.c ****   ******************************************************************************
   4:Core/Src/stm32f4xx_hal_msp.c ****   * @file         stm32f4xx_hal_msp.c
   5:Core/Src/stm32f4xx_hal_msp.c ****   * @brief        This file provides code for the MSP Initialization
   6:Core/Src/stm32f4xx_hal_msp.c ****   *               and de-Initialization codes.
   7:Core/Src/stm32f4xx_hal_msp.c ****   ******************************************************************************
   8:Core/Src/stm32f4xx_hal_msp.c ****   */
   9:Core/Src/stm32f4xx_hal_msp.c **** /* USER CODE END Header */
  10:Core/Src/stm32f4xx_hal_msp.c **** 
  11:Core/Src/stm32f4xx_hal_msp.c **** /* Includes ------------------------------------------------------------------*/
  12:Core/Src/stm32f4xx_hal_msp.c **** #include "main.h"
  13:Core/Src/stm32f4xx_hal_msp.c **** 
  14:Core/Src/stm32f4xx_hal_msp.c **** /**
  15:Core/Src/stm32f4xx_hal_msp.c ****   * Initializes the Global MSP.
  16:Core/Src/stm32f4xx_hal_msp.c ****   * Called by HAL_Init() to configure low-level hardware:
  17:Core/Src/stm32f4xx_hal_msp.c ****   * - SysTick timer for HAL_Delay()
  18:Core/Src/stm32f4xx_hal_msp.c ****   * - NVIC priority grouping
  19:Core/Src/stm32f4xx_hal_msp.c ****   */
  20:Core/Src/stm32f4xx_hal_msp.c **** void HAL_MspInit(void)
  21:Core/Src/stm32f4xx_hal_msp.c **** {
  29              		.loc 1 21 1 view -0
  30              		.cfi_startproc
  31              		@ args = 0, pretend = 0, frame = 8
  32              		@ frame_needed = 0, uses_anonymous_args = 0
  33 0000 10B5     		push	{r4, lr}
  34              	.LCFI0:
  35              		.cfi_def_cfa_offset 8
  36              		.cfi_offset 4, -8
  37              		.cfi_offset 14, -4
ARM GAS  C:\Users\Admin\AppData\Local\Temp\ccIi5l2D.s 			page 2


  38 0002 82B0     		sub	sp, sp, #8
  39              	.LCFI1:
  40              		.cfi_def_cfa_offset 16
  22:Core/Src/stm32f4xx_hal_msp.c ****   __HAL_RCC_SYSCFG_CLK_ENABLE();
  41              		.loc 1 22 3 view .LVU1
  42              	.LBB2:
  43              		.loc 1 22 3 view .LVU2
  44 0004 0024     		movs	r4, #0
  45 0006 0094     		str	r4, [sp]
  46              		.loc 1 22 3 view .LVU3
  47 0008 104B     		ldr	r3, .L3
  48 000a 5A6C     		ldr	r2, [r3, #68]
  49 000c 42F48042 		orr	r2, r2, #16384
  50 0010 5A64     		str	r2, [r3, #68]
  51              		.loc 1 22 3 view .LVU4
  52 0012 5A6C     		ldr	r2, [r3, #68]
  53 0014 02F48042 		and	r2, r2, #16384
  54 0018 0092     		str	r2, [sp]
  55              		.loc 1 22 3 view .LVU5
  56 001a 009A     		ldr	r2, [sp]
  57              	.LBE2:
  58              		.loc 1 22 3 view .LVU6
  23:Core/Src/stm32f4xx_hal_msp.c ****   __HAL_RCC_PWR_CLK_ENABLE();
  59              		.loc 1 23 3 view .LVU7
  60              	.LBB3:
  61              		.loc 1 23 3 view .LVU8
  62 001c 0194     		str	r4, [sp, #4]
  63              		.loc 1 23 3 view .LVU9
  64 001e 1A6C     		ldr	r2, [r3, #64]
  65 0020 42F08052 		orr	r2, r2, #268435456
  66 0024 1A64     		str	r2, [r3, #64]
  67              		.loc 1 23 3 view .LVU10
  68 0026 1B6C     		ldr	r3, [r3, #64]
  69 0028 03F08053 		and	r3, r3, #268435456
  70 002c 0193     		str	r3, [sp, #4]
  71              		.loc 1 23 3 view .LVU11
  72 002e 019B     		ldr	r3, [sp, #4]
  73              	.LBE3:
  74              		.loc 1 23 3 view .LVU12
  24:Core/Src/stm32f4xx_hal_msp.c **** 
  25:Core/Src/stm32f4xx_hal_msp.c ****   /* System interrupt init */
  26:Core/Src/stm32f4xx_hal_msp.c ****   /* PendSV_IRQn interrupt configuration */
  27:Core/Src/stm32f4xx_hal_msp.c ****   HAL_NVIC_SetPriority(PendSV_IRQn, 15, 0);
  75              		.loc 1 27 3 view .LVU13
  76 0030 2246     		mov	r2, r4
  77 0032 0F21     		movs	r1, #15
  78 0034 6FF00100 		mvn	r0, #1
  79 0038 FFF7FEFF 		bl	HAL_NVIC_SetPriority
  80              	.LVL0:
  28:Core/Src/stm32f4xx_hal_msp.c **** 
  29:Core/Src/stm32f4xx_hal_msp.c ****   /* SysTick_IRQn interrupt configuration */
  30:Core/Src/stm32f4xx_hal_msp.c ****   HAL_NVIC_SetPriority(SysTick_IRQn, 15, 0);
  81              		.loc 1 30 3 view .LVU14
  82 003c 2246     		mov	r2, r4
  83 003e 0F21     		movs	r1, #15
  84 0040 4FF0FF30 		mov	r0, #-1
  85 0044 FFF7FEFF 		bl	HAL_NVIC_SetPriority
ARM GAS  C:\Users\Admin\AppData\Local\Temp\ccIi5l2D.s 			page 3


  86              	.LVL1:
  31:Core/Src/stm32f4xx_hal_msp.c **** }
  87              		.loc 1 31 1 is_stmt 0 view .LVU15
  88 0048 02B0     		add	sp, sp, #8
  89              	.LCFI2:
  90              		.cfi_def_cfa_offset 8
  91              		@ sp needed
  92 004a 10BD     		pop	{r4, pc}
  93              	.L4:
  94              		.align	2
  95              	.L3:
  96 004c 00380240 		.word	1073887232
  97              		.cfi_endproc
  98              	.LFE160:
 100              		.text
 101              	.Letext0:
 102              		.file 2 "Drivers/CMSIS/Device/ST/STM32F4xx/Include/stm32f401xc.h"
 103              		.file 3 "C:/msys64/mingw64/arm-none-eabi/include/machine/_default_types.h"
 104              		.file 4 "C:/msys64/mingw64/arm-none-eabi/include/sys/_stdint.h"
 105              		.file 5 "Drivers/STM32F4xx_HAL_Driver/Inc/stm32f4xx_hal_cortex.h"
ARM GAS  C:\Users\Admin\AppData\Local\Temp\ccIi5l2D.s 			page 4


DEFINED SYMBOLS
                            *ABS*:00000000 stm32f4xx_hal_msp.c
C:\Users\Admin\AppData\Local\Temp\ccIi5l2D.s:21     .text.HAL_MspInit:00000000 $t
C:\Users\Admin\AppData\Local\Temp\ccIi5l2D.s:27     .text.HAL_MspInit:00000000 HAL_MspInit
C:\Users\Admin\AppData\Local\Temp\ccIi5l2D.s:96     .text.HAL_MspInit:0000004c $d

UNDEFINED SYMBOLS
HAL_NVIC_SetPriority
